code hash 63196db22b74; 180 simulations, 4 workers
[1/180] ('llm_default_L1_always_yes', 7, 'dev', 99.9)
[2/180] ('llm_default_L1_always_no', 7, 'dev', 100.5)
[3/180] ('llm_default_L1_random', 7, 'dev', 100.9)
[4/180] ('llm_default_L1_oracle', 7, 'dev', 100.9)
[5/180] ('llm_default_L2_always_yes', 7, 'dev', 101.2)
[6/180] ('llm_default_L2_always_no', 7, 'dev', 101.2)
[7/180] ('llm_default_L2_random', 7, 'dev', 101.6)
[8/180] ('llm_default_L2_oracle', 7, 'dev', 101.7)
[9/180] ('llm_default_L3_always_yes', 7, 'dev', 113.8)
[10/180] ('llm_default_L3_always_no', 7, 'dev', 114.4)
[11/180] ('llm_default_L3_random', 7, 'dev', 114.2)
[12/180] ('llm_default_L3_oracle', 7, 'dev', 114.7)
[13/180] ('llm_default_L6_always_yes', 7, 'dev', 121.5)
[14/180] ('llm_default_L6_always_no', 7, 'dev', 121.4)
[15/180] ('llm_default_L6_random', 7, 'dev', 121.3)
[16/180] ('llm_default_L6_oracle', 7, 'dev', 122.0)
[17/180] ('llm_default_all_always_yes', 7, 'dev', 104.8)
[18/180] ('llm_default_all_always_no', 7, 'dev', 105.7)
[19/180] ('llm_default_all_oracle', 7, 'dev', 105.6)
[20/180] ('llm_recal_L4_always_yes', 7, 'dev', 105.9)
[21/180] ('llm_recal_L4_always_no', 7, 'dev', 107.9)
[22/180] ('llm_recal_L4_random', 7, 'dev', 109.0)
[23/180] ('llm_recal_L4_oracle', 7, 'dev', 108.8)
[24/180] ('llm_recal_L6_always_yes', 7, 'dev', 108.3)
[25/180] ('llm_recal_L6_always_no', 7, 'dev', 112.0)
[26/180] ('llm_recal_L6_random', 7, 'dev', 112.4)
[27/180] ('llm_recal_L6_oracle', 7, 'dev', 112.4)
[28/180] ('llm_recal_all_always_yes', 7, 'dev', 112.7)
[29/180] ('llm_recal_all_always_no', 7, 'dev', 146.0)
[30/180] ('llm_default_L1_always_yes', 11, 'dev', 144.6)
[31/180] ('llm_default_L1_always_no', 11, 'dev', 145.7)
[32/180] ('llm_recal_all_oracle', 7, 'dev', 149.1)
[33/180] ('llm_default_L1_random', 11, 'dev', 132.4)
[34/180] ('llm_default_L1_oracle', 11, 'dev', 132.0)
[35/180] ('llm_default_L2_always_no', 11, 'dev', 129.6)
[36/180] ('llm_default_L2_always_yes', 11, 'dev', 131.4)
[37/180] ('llm_default_L2_random', 11, 'dev', 90.3)
[38/180] ('llm_default_L2_oracle', 11, 'dev', 91.0)
[39/180] ('llm_default_L3_always_no', 11, 'dev', 90.3)
[40/180] ('llm_default_L3_always_yes', 11, 'dev', 90.5)
[41/180] ('llm_default_L3_random', 11, 'dev', 107.9)
[42/180] ('llm_default_L3_oracle', 11, 'dev', 108.8)
[43/180] ('llm_default_L6_always_yes', 11, 'dev', 108.5)
[44/180] ('llm_default_L6_always_no', 11, 'dev', 108.9)
[45/180] ('llm_default_L6_random', 11, 'dev', 121.3)
[46/180] ('llm_default_L6_oracle', 11, 'dev', 121.9)
[47/180] ('llm_default_all_always_yes', 11, 'dev', 122.6)
[48/180] ('llm_default_all_always_no', 11, 'dev', 123.4)
[49/180] ('llm_default_all_oracle', 11, 'dev', 109.8)
[50/180] ('llm_recal_L4_always_yes', 11, 'dev', 110.9)
[51/180] ('llm_recal_L4_always_no', 11, 'dev', 110.8)
[52/180] ('llm_recal_L4_random', 11, 'dev', 110.0)
[53/180] ('llm_recal_L4_oracle', 11, 'dev', 92.9)
[54/180] ('llm_recal_L6_always_yes', 11, 'dev', 91.3)
[55/180] ('llm_recal_L6_always_no', 11, 'dev', 91.2)
[56/180] ('llm_recal_L6_random', 11, 'dev', 91.4)
[57/180] ('llm_recal_L6_oracle', 11, 'dev', 80.4)
[58/180] ('llm_recal_all_always_yes', 11, 'dev', 81.7)
[59/180] ('llm_recal_all_always_no', 11, 'dev', 81.7)
[60/180] ('llm_recal_all_oracle', 11, 'dev', 81.8)
[61/180] ('llm_default_L1_always_yes', 23, 'dev', 80.2)
[62/180] ('llm_default_L1_always_no', 23, 'dev', 80.6)
[63/180] ('llm_default_L1_random', 23, 'dev', 81.1)
[64/180] ('llm_default_L1_oracle', 23, 'dev', 80.9)
[65/180] ('llm_default_L2_always_yes', 23, 'dev', 85.1)
[66/180] ('llm_default_L2_always_no', 23, 'dev', 85.7)
[67/180] ('llm_default_L2_random', 23, 'dev', 85.5)
[68/180] ('llm_default_L2_oracle', 23, 'dev', 85.5)
[69/180] ('llm_default_L3_always_yes', 23, 'dev', 86.2)
[70/180] ('llm_default_L3_always_no', 23, 'dev', 87.6)
[71/180] ('llm_default_L3_random', 23, 'dev', 87.8)
[72/180] ('llm_default_L3_oracle', 23, 'dev', 87.8)
[73/180] ('llm_default_L6_always_yes', 23, 'dev', 81.7)
[74/180] ('llm_default_L6_always_no', 23, 'dev', 80.7)
[75/180] ('llm_default_L6_random', 23, 'dev', 80.7)
[76/180] ('llm_default_L6_oracle', 23, 'dev', 80.6)
[77/180] ('llm_default_all_always_yes', 23, 'dev', 107.4)
[78/180] ('llm_default_all_always_no', 23, 'dev', 111.4)
[79/180] ('llm_default_all_oracle', 23, 'dev', 112.5)
[80/180] ('llm_recal_L4_always_yes', 23, 'dev', 113.7)
[81/180] ('llm_recal_L4_always_no', 23, 'dev', 109.0)
[82/180] ('llm_recal_L4_random', 23, 'dev', 109.0)
[83/180] ('llm_recal_L4_oracle', 23, 'dev', 108.9)
[84/180] ('llm_recal_L6_always_yes', 23, 'dev', 108.3)
[85/180] ('llm_recal_L6_always_no', 23, 'dev', 105.5)
[86/180] ('llm_recal_L6_random', 23, 'dev', 108.5)
[87/180] ('llm_recal_L6_oracle', 23, 'dev', 108.6)
[88/180] ('llm_recal_all_always_yes', 23, 'dev', 108.6)
[89/180] ('llm_recal_all_always_no', 23, 'dev', 111.3)
[90/180] ('llm_recal_all_oracle', 23, 'dev', 110.3)
[91/180] ('llm_default_L1_always_yes', 42, 'dev', 108.3)
[92/180] ('llm_default_L1_always_no', 42, 'dev', 108.3)
[93/180] ('llm_default_L1_random', 42, 'dev', 119.0)
[94/180] ('llm_default_L1_oracle', 42, 'dev', 121.2)
[95/180] ('llm_default_L2_always_yes', 42, 'dev', 121.2)
[96/180] ('llm_default_L2_always_no', 42, 'dev', 121.1)
[97/180] ('llm_default_L2_random', 42, 'dev', 118.6)
[98/180] ('llm_default_L2_oracle', 42, 'dev', 118.6)
[99/180] ('llm_default_L3_always_yes', 42, 'dev', 119.1)
[100/180] ('llm_default_L3_always_no', 42, 'dev', 119.0)
[101/180] ('llm_default_L3_random', 42, 'dev', 116.5)
[102/180] ('llm_default_L3_oracle', 42, 'dev', 116.4)
[103/180] ('llm_default_L6_always_yes', 42, 'dev', 115.9)
[104/180] ('llm_default_L6_always_no', 42, 'dev', 116.7)
[105/180] ('llm_default_L6_random', 42, 'dev', 116.3)
[106/180] ('llm_default_L6_oracle', 42, 'dev', 118.2)
[107/180] ('llm_default_all_always_yes', 42, 'dev', 117.7)
[108/180] ('llm_default_all_always_no', 42, 'dev', 117.4)
[109/180] ('llm_default_all_oracle', 42, 'dev', 118.1)
[110/180] ('llm_recal_L4_always_yes', 42, 'dev', 118.4)
[111/180] ('llm_recal_L4_always_no', 42, 'dev', 117.7)
[112/180] ('llm_recal_L4_random', 42, 'dev', 117.8)
[113/180] ('llm_recal_L4_oracle', 42, 'dev', 108.8)
[114/180] ('llm_recal_L6_always_no', 42, 'dev', 108.8)
[115/180] ('llm_recal_L6_always_yes', 42, 'dev', 108.9)
[116/180] ('llm_recal_L6_random', 42, 'dev', 108.5)
[117/180] ('llm_recal_L6_oracle', 42, 'dev', 110.3)
[118/180] ('llm_recal_all_always_yes', 42, 'dev', 109.8)
[119/180] ('llm_recal_all_oracle', 42, 'dev', 109.2)
[120/180] ('llm_recal_all_always_no', 42, 'dev', 110.3)
[121/180] ('llm_default_L1_always_yes', 101, 'dev', 117.4)
[122/180] ('llm_default_L1_always_no', 101, 'dev', 120.5)
[123/180] ('llm_default_L1_random', 101, 'dev', 121.2)
[124/180] ('llm_default_L1_oracle', 101, 'dev', 121.4)
[125/180] ('llm_default_L2_always_yes', 101, 'dev', 121.4)
[126/180] ('llm_default_L2_always_no', 101, 'dev', 122.4)
[127/180] ('llm_default_L2_random', 101, 'dev', 123.5)
[128/180] ('llm_default_L2_oracle', 101, 'dev', 123.5)
[129/180] ('llm_default_L3_always_yes', 101, 'dev', 127.9)
[130/180] ('llm_default_L3_always_no', 101, 'dev', 128.3)
[131/180] ('llm_default_L3_random', 101, 'dev', 128.5)
[132/180] ('llm_default_L3_oracle', 101, 'dev', 128.3)
[133/180] ('llm_default_L6_always_yes', 101, 'dev', 157.8)
[134/180] ('llm_default_L6_always_no', 101, 'dev', 165.6)
[135/180] ('llm_default_L6_random', 101, 'dev', 165.0)
[136/180] ('llm_default_L6_oracle', 101, 'dev', 165.5)
[137/180] ('llm_default_all_always_yes', 101, 'dev', 159.0)
[138/180] ('llm_default_all_always_no', 101, 'dev', 159.4)
[139/180] ('llm_default_all_oracle', 101, 'dev', 160.6)
[140/180] ('llm_recal_L4_always_yes', 101, 'dev', 162.0)
[141/180] ('llm_recal_L4_always_no', 101, 'dev', 140.4)
[142/180] ('llm_recal_L4_random', 101, 'dev', 130.3)
[143/180] ('llm_recal_L4_oracle', 101, 'dev', 129.6)
[144/180] ('llm_recal_L6_always_yes', 101, 'dev', 128.8)
[145/180] ('llm_recal_L6_always_no', 101, 'dev', 110.6)
[146/180] ('llm_recal_L6_random', 101, 'dev', 118.9)
[147/180] ('llm_recal_L6_oracle', 101, 'dev', 118.6)
[148/180] ('llm_recal_all_always_yes', 101, 'dev', 120.0)
[149/180] ('llm_recal_all_always_no', 101, 'dev', 122.0)
[150/180] ('llm_recal_all_oracle', 101, 'dev', 121.0)
[151/180] ('llm_default_L1_always_yes', 202, 'dev', 122.8)
[152/180] ('llm_default_L1_always_no', 202, 'dev', 122.1)
[153/180] ('llm_default_L1_random', 202, 'dev', 138.4)
[154/180] ('llm_default_L1_oracle', 202, 'dev', 136.1)
[155/180] ('llm_default_L2_always_yes', 202, 'dev', 136.3)
[156/180] ('llm_default_L2_always_no', 202, 'dev', 137.4)
[157/180] ('llm_default_L2_random', 202, 'dev', 109.8)
[158/180] ('llm_default_L2_oracle', 202, 'dev', 104.5)
[159/180] ('llm_default_L3_always_yes', 202, 'dev', 103.3)
[160/180] ('llm_default_L3_always_no', 202, 'dev', 103.2)
[161/180] ('llm_default_L3_random', 202, 'dev', 139.3)
[162/180] ('llm_default_L3_oracle', 202, 'dev', 156.6)
[163/180] ('llm_default_L6_always_yes', 202, 'dev', 159.2)
[164/180] ('llm_default_L6_always_no', 202, 'dev', 162.6)
[165/180] ('llm_default_L6_random', 202, 'dev', 127.6)
[166/180] ('llm_default_L6_oracle', 202, 'dev', 113.3)
[167/180] ('llm_default_all_always_yes', 202, 'dev', 110.9)
[168/180] ('llm_default_all_always_no', 202, 'dev', 110.2)
[169/180] ('llm_default_all_oracle', 202, 'dev', 101.2)
[170/180] ('llm_recal_L4_always_yes', 202, 'dev', 100.8)
[171/180] ('llm_recal_L4_always_no', 202, 'dev', 101.0)
[172/180] ('llm_recal_L4_random', 202, 'dev', 99.1)
[173/180] ('llm_recal_L4_oracle', 202, 'dev', 97.7)
[174/180] ('llm_recal_L6_always_yes', 202, 'dev', 97.8)
[175/180] ('llm_recal_L6_always_no', 202, 'dev', 98.5)
[176/180] ('llm_recal_L6_random', 202, 'dev', 98.0)
[177/180] ('llm_recal_L6_oracle', 202, 'dev', 90.2)
[178/180] ('llm_recal_all_always_yes', 202, 'dev', 84.7)
[179/180] ('llm_recal_all_always_no', 202, 'dev', 84.3)
[180/180] ('llm_recal_all_oracle', 202, 'dev', 82.5)
