# X3.1 bid dose-response (seed 7, run 3, 12 cells)

Sums over the cells of each keyword type. `d_*` are versus the same cell at its live bid (step 0), same market draws; `pred_*` are the grid's per-day option values x 7. `marginal_*` are per rupee of spend moved.

| ktype | step | real_spend | pred_spend | real_rev | pred_rev | slot1_share | d_offtake | d_spend | d_adrev | real/pred_spend | marginal_offtake_per_rupee | marginal_droas |
|---|---|---|---|---|---|---|---|---|---|---|---|---|
| brand | -50 | 68.240 | 3510.500 | 2109.000 | 40724.390 | 0.050 | 1001.000 | -3953.360 | -54153.000 | 0.020 | -0.250 | 13.700 |
| brand | -30 | 411.940 | 0.000 | 8513.000 | 0.000 | 0.120 | 1838.000 | -3609.660 | -47749.000 | inf | -0.510 | 13.230 |
| brand | -10 | 1043.320 | 4813.620 | 16605.000 | 57340.710 | 0.160 | 3064.000 | -2978.280 | -39657.000 | 0.220 | -1.030 | 13.320 |
| brand | 0 | 4021.600 | 9126.810 | 56262.000 | 170943.220 | 0.420 | 0.000 | 0.000 | 0.000 | 0.440 | nan | nan |
| brand | 10 | 6118.660 | 9126.810 | 100718.000 | 170943.220 | 0.660 | 1578.000 | 2097.060 | 44456.000 | 0.670 | 0.750 | 21.200 |
| brand | 30 | 8519.320 | 9126.810 | 156848.000 | 170943.220 | 0.990 | 4566.000 | 4497.720 | 100586.000 | 0.930 | 1.020 | 22.360 |
| brand | 50 | 8999.800 | 9126.810 | 160260.000 | 170943.220 | 1.000 | 3863.000 | 4978.200 | 103998.000 | 0.990 | 0.780 | 20.890 |
| competition | -50 | 351.870 | 0.000 | 149.000 | 0.000 | 0.380 | -6327.000 | -13822.330 | -8998.000 | inf | 0.460 | 0.650 |
| competition | -30 | 3105.730 | 1362.410 | 2258.000 | 474.670 | 0.540 | -4516.000 | -11068.470 | -6889.000 | 2.280 | 0.410 | 0.620 |
| competition | -10 | 9631.750 | 18641.420 | 6419.000 | 14408.240 | 0.720 | -928.000 | -4542.450 | -2728.000 | 0.520 | 0.200 | 0.600 |
| competition | 0 | 14174.200 | 22405.810 | 9147.000 | 17388.770 | 0.830 | 0.000 | 0.000 | 0.000 | 0.630 | nan | nan |
| competition | 10 | 18880.590 | 22405.810 | 11807.000 | 17388.770 | 0.940 | -160.000 | 4706.390 | 2660.000 | 0.840 | -0.030 | 0.570 |
| competition | 30 | 23039.900 | 22405.810 | 13641.000 | 17388.770 | 0.970 | -1272.000 | 8865.700 | 4494.000 | 1.030 | -0.140 | 0.510 |
| competition | 50 | 25294.170 | 22405.810 | 14409.000 | 17388.770 | 0.990 | -1788.000 | 11119.970 | 5262.000 | 1.130 | -0.160 | 0.470 |
| generic | -50 | 281.870 | 0.000 | 642.000 | 0.000 | 0.220 | -19580.000 | -20774.030 | -51602.000 | inf | 0.940 | 2.480 |
| generic | -30 | 3278.490 | 1446.970 | 8299.000 | 1502.130 | 0.400 | -15568.000 | -17777.410 | -43945.000 | 2.270 | 0.880 | 2.470 |
| generic | -10 | 12933.920 | 21757.960 | 33873.000 | 47257.840 | 0.590 | -4311.000 | -8121.980 | -18371.000 | 0.590 | 0.530 | 2.260 |
| generic | 0 | 21055.900 | 46723.390 | 52244.000 | 120811.600 | 0.730 | 0.000 | 0.000 | 0.000 | 0.450 | nan | nan |
| generic | 10 | 29921.230 | 46723.390 | 73470.000 | 120811.600 | 0.850 | 5169.000 | 8865.330 | 21226.000 | 0.640 | 0.580 | 2.390 |
| generic | 30 | 36950.820 | 46723.390 | 85872.000 | 120811.600 | 0.920 | 5856.000 | 15894.920 | 33628.000 | 0.790 | 0.370 | 2.120 |
| generic | 50 | 39331.940 | 46723.390 | 87305.000 | 120811.600 | 0.960 | 6395.000 | 18276.040 | 35061.000 | 0.840 | 0.350 | 1.920 |

# X3.1 bid dose-response (seed 11, run 3, 12 cells)

Sums over the cells of each keyword type. `d_*` are versus the same cell at its live bid (step 0), same market draws; `pred_*` are the grid's per-day option values x 7. `marginal_*` are per rupee of spend moved.

| ktype | step | real_spend | pred_spend | real_rev | pred_rev | slot1_share | d_offtake | d_spend | d_adrev | real/pred_spend | marginal_offtake_per_rupee | marginal_droas |
|---|---|---|---|---|---|---|---|---|---|---|---|---|
| brand | -50 | 50.750 | 4569.670 | 974.000 | 93770.320 | 0.100 | -5398.000 | -4285.380 | -85562.000 | 0.010 | 1.260 | 19.970 |
| brand | -30 | 414.590 | 676.130 | 4332.000 | 11790.660 | 0.220 | -5226.000 | -3921.540 | -82204.000 | 0.610 | 1.330 | 20.960 |
| brand | -10 | 2268.390 | 2471.770 | 47982.000 | 45007.340 | 0.530 | -882.000 | -2067.740 | -38554.000 | 0.920 | 0.430 | 18.650 |
| brand | 0 | 4336.130 | 7563.080 | 86536.000 | 141644.020 | 0.730 | 0.000 | 0.000 | 0.000 | 0.570 | nan | nan |
| brand | 10 | 5630.240 | 7563.080 | 109062.000 | 141644.020 | 0.850 | 543.000 | 1294.110 | 22526.000 | 0.740 | 0.420 | 17.410 |
| brand | 30 | 7455.210 | 7563.080 | 133106.000 | 141644.020 | 0.980 | -1353.000 | 3119.080 | 46570.000 | 0.990 | -0.430 | 14.930 |
| brand | 50 | 8337.630 | 7563.080 | 145232.000 | 141644.020 | 0.990 | -497.000 | 4001.500 | 58696.000 | 1.100 | -0.120 | 14.670 |
| competition | -50 | 717.750 | 0.000 | 642.000 | 0.000 | 0.270 | -12241.000 | -18508.840 | -19510.000 | inf | 0.660 | 1.050 |
| competition | -30 | 4894.540 | 2280.600 | 5021.000 | 1076.390 | 0.400 | -8527.000 | -14332.050 | -15131.000 | 2.150 | 0.590 | 1.060 |
| competition | -10 | 11747.240 | 21034.090 | 10856.000 | 17290.770 | 0.500 | -3758.000 | -7479.350 | -9296.000 | 0.560 | 0.500 | 1.240 |
| competition | 0 | 19226.590 | 29702.050 | 20152.000 | 25860.240 | 0.700 | 0.000 | 0.000 | 0.000 | 0.650 | nan | nan |
| competition | 10 | 26573.880 | 29702.050 | 30116.000 | 25860.240 | 0.930 | -1855.000 | 7347.290 | 9964.000 | 0.890 | -0.250 | 1.360 |
| competition | 30 | 31682.300 | 29702.050 | 34071.000 | 25860.240 | 0.970 | -2727.000 | 12455.710 | 13919.000 | 1.070 | -0.220 | 1.120 |
| competition | 50 | 33988.290 | 29702.050 | 36341.000 | 25860.240 | 0.990 | -2624.000 | 14761.700 | 16189.000 | 1.140 | -0.180 | 1.100 |
| generic | -50 | 172.450 | 214.060 | 516.000 | 334.320 | 0.320 | -15826.000 | -19078.650 | -51732.000 | 0.810 | 0.830 | 2.710 |
| generic | -30 | 2578.440 | 1692.460 | 7418.000 | 1847.020 | 0.480 | -11928.000 | -16672.660 | -44830.000 | 1.520 | 0.720 | 2.690 |
| generic | -10 | 10019.690 | 17005.030 | 25086.000 | 32170.390 | 0.590 | -4854.000 | -9231.410 | -27162.000 | 0.590 | 0.530 | 2.940 |
| generic | 0 | 19251.100 | 45871.560 | 52248.000 | 116192.370 | 0.830 | 0.000 | 0.000 | 0.000 | 0.420 | nan | nan |
| generic | 10 | 24284.910 | 45871.560 | 66222.000 | 116192.370 | 0.900 | 2297.000 | 5033.810 | 13974.000 | 0.530 | 0.460 | 2.780 |
| generic | 30 | 29339.460 | 45871.560 | 74948.000 | 116192.370 | 0.940 | 2160.000 | 10088.360 | 22700.000 | 0.640 | 0.210 | 2.250 |
| generic | 50 | 31219.310 | 45871.560 | 73596.000 | 116192.370 | 0.970 | -1948.000 | 11968.210 | 21348.000 | 0.680 | -0.160 | 1.780 |

