code hash 63196db22b74; 50 simulations, 3 workers
[1/50] ('no_op', 2001, 'dev', 81.0)
[2/50] ('gate_min2000', 2001, 'dev', 122.3)
[3/50] ('l0', 2001, 'dev', 123.1)
[4/50] ('gate_min3000', 2001, 'dev', 123.2)
[5/50] ('no_op', 2002, 'dev', 81.5)
[6/50] ('sm_r1500_c1.0', 2001, 'dev', 124.5)
[7/50] ('l0', 2002, 'dev', 126.7)
[8/50] ('gate_min2000', 2002, 'dev', 127.0)
[9/50] ('gate_min3000', 2002, 'dev', 128.6)
[10/50] ('no_op', 2003, 'dev', 88.6)
[11/50] ('sm_r1500_c1.0', 2002, 'dev', 152.6)
[12/50] ('l0', 2003, 'dev', 161.6)
[13/50] ('gate_min2000', 2003, 'dev', 170.3)
[14/50] ('gate_min3000', 2003, 'dev', 162.8)
[15/50] ('no_op', 2004, 'dev', 105.8)
[16/50] ('sm_r1500_c1.0', 2003, 'dev', 160.0)
[17/50] ('l0', 2004, 'dev', 141.2)
[18/50] ('gate_min2000', 2004, 'dev', 127.8)
[19/50] ('gate_min3000', 2004, 'dev', 127.1)
[20/50] ('sm_r1500_c1.0', 2004, 'dev', 111.5)
[21/50] ('no_op', 2005, 'dev', 74.7)
[22/50] ('l0', 2005, 'dev', 119.8)
[23/50] ('gate_min2000', 2005, 'dev', 123.8)
[24/50] ('gate_min3000', 2005, 'dev', 124.9)
[25/50] ('sm_r1500_c1.0', 2005, 'dev', 121.5)
[26/50] ('no_op', 2006, 'dev', 84.6)
[27/50] ('l0', 2006, 'dev', 138.7)
[28/50] ('gate_min2000', 2006, 'dev', 137.6)
[29/50] ('gate_min3000', 2006, 'dev', 136.1)
[30/50] ('no_op', 2007, 'dev', 64.4)
[31/50] ('sm_r1500_c1.0', 2006, 'dev', 112.8)
[32/50] ('l0', 2007, 'dev', 107.5)
[33/50] ('gate_min2000', 2007, 'dev', 128.3)
[34/50] ('gate_min3000', 2007, 'dev', 134.3)
[35/50] ('no_op', 2008, 'dev', 94.4)
[36/50] ('sm_r1500_c1.0', 2007, 'dev', 143.8)
[37/50] ('l0', 2008, 'dev', 127.7)
[38/50] ('gate_min2000', 2008, 'dev', 105.8)
[39/50] ('gate_min3000', 2008, 'dev', 105.7)
[40/50] ('sm_r1500_c1.0', 2008, 'dev', 101.2)
[41/50] ('no_op', 2009, 'dev', 65.5)
[42/50] ('l0', 2009, 'dev', 100.4)
[43/50] ('gate_min2000', 2009, 'dev', 97.3)
[44/50] ('gate_min3000', 2009, 'dev', 98.1)
[45/50] ('sm_r1500_c1.0', 2009, 'dev', 93.8)
[46/50] ('no_op', 2010, 'dev', 60.4)
[47/50] ('l0', 2010, 'dev', 85.0)
[48/50] ('gate_min2000', 2010, 'dev', 71.7)
[49/50] ('gate_min3000', 2010, 'dev', 70.9)
[50/50] ('sm_r1500_c1.0', 2010, 'dev', 49.6)
