code hash 63196db22b74; 140 simulations, 4 workers
[1/140] ('gate_min1000', 303, 'dev', 34.5)
[2/140] ('gate_x1.5', 303, 'dev', 34.8)
[3/140] ('gate_x3', 303, 'dev', 35.1)
[4/140] ('gate_x2', 303, 'dev', 35.2)
[5/140] ('gate_x1.5', 304, 'dev', 35.2)
[6/140] ('gate_min3000', 303, 'dev', 35.9)
[7/140] ('gate_margin0', 303, 'dev', 36.1)
[8/140] ('gate_x2_min1000', 303, 'dev', 36.3)
[9/140] ('gate_x3', 304, 'dev', 37.4)
[10/140] ('gate_x2', 304, 'dev', 37.8)
[11/140] ('gate_min1000', 304, 'dev', 37.6)
[12/140] ('gate_min3000', 304, 'dev', 37.5)
[13/140] ('gate_margin0', 304, 'dev', 44.8)
[14/140] ('gate_x2_min1000', 304, 'dev', 45.8)
[15/140] ('gate_x1.5', 305, 'dev', 46.7)
[16/140] ('gate_x2', 305, 'dev', 47.1)
[17/140] ('gate_x3', 305, 'dev', 53.5)
[18/140] ('gate_min1000', 305, 'dev', 54.4)
[19/140] ('gate_min3000', 305, 'dev', 54.2)
[20/140] ('gate_margin0', 305, 'dev', 54.6)
[21/140] ('gate_x2_min1000', 305, 'dev', 60.7)
[22/140] ('gate_x1.5', 306, 'dev', 61.1)
[23/140] ('gate_x2', 306, 'dev', 60.4)
[24/140] ('gate_x3', 306, 'dev', 60.5)
[25/140] ('gate_min1000', 306, 'dev', 56.5)
[26/140] ('gate_margin0', 306, 'dev', 57.1)
[27/140] ('gate_min3000', 306, 'dev', 57.8)
[28/140] ('gate_x2_min1000', 306, 'dev', 57.6)
[29/140] ('gate_x1.5', 307, 'dev', 56.3)
[30/140] ('gate_x2', 307, 'dev', 55.8)
[31/140] ('gate_x3', 307, 'dev', 56.5)
[32/140] ('gate_min1000', 307, 'dev', 55.8)
[33/140] ('gate_min3000', 307, 'dev', 61.4)
[34/140] ('gate_margin0', 307, 'dev', 62.4)
[35/140] ('gate_x2_min1000', 307, 'dev', 63.1)
[36/140] ('gate_x1.5', 308, 'dev', 63.0)
[37/140] ('gate_x2', 308, 'dev', 60.6)
[38/140] ('gate_x3', 308, 'dev', 60.9)
[39/140] ('gate_min1000', 308, 'dev', 61.5)
[40/140] ('gate_min3000', 308, 'dev', 61.3)
[41/140] ('gate_margin0', 308, 'dev', 60.9)
[42/140] ('gate_x2_min1000', 308, 'dev', 61.1)
[43/140] ('gate_x2', 309, 'dev', 61.2)
[44/140] ('gate_x1.5', 309, 'dev', 61.6)
[45/140] ('gate_x3', 309, 'dev', 60.4)
[46/140] ('gate_min1000', 309, 'dev', 60.4)
[47/140] ('gate_min3000', 309, 'dev', 61.2)
[48/140] ('gate_margin0', 309, 'dev', 61.7)
[49/140] ('gate_x2_min1000', 309, 'dev', 60.7)
[50/140] ('gate_x1.5', 310, 'dev', 61.2)
[51/140] ('gate_x2', 310, 'dev', 61.1)
[52/140] ('gate_x3', 310, 'dev', 61.5)
[53/140] ('gate_min1000', 310, 'dev', 60.9)
[54/140] ('gate_min3000', 310, 'dev', 61.5)
[55/140] ('gate_margin0', 310, 'dev', 61.5)
[56/140] ('gate_x2_min1000', 310, 'dev', 61.8)
[57/140] ('gate_x1.5', 311, 'dev', 61.6)
[58/140] ('gate_x2', 311, 'dev', 61.7)
[59/140] ('gate_x3', 311, 'dev', 62.1)
[60/140] ('gate_min1000', 311, 'dev', 62.4)
[61/140] ('gate_min3000', 311, 'dev', 62.1)
[62/140] ('gate_margin0', 311, 'dev', 62.4)
[63/140] ('gate_x2_min1000', 311, 'dev', 62.9)
[64/140] ('gate_x1.5', 312, 'dev', 62.5)
[65/140] ('gate_x2', 312, 'dev', 62.2)
[66/140] ('gate_x3', 312, 'dev', 62.7)
[67/140] ('gate_min1000', 312, 'dev', 63.2)
[68/140] ('gate_min3000', 312, 'dev', 63.8)
[69/140] ('gate_margin0', 312, 'dev', 62.4)
[70/140] ('gate_x2_min1000', 312, 'dev', 62.6)
[71/140] ('gate_x1.5', 313, 'dev', 62.0)
[72/140] ('gate_x2', 313, 'dev', 62.3)
[73/140] ('gate_x3', 313, 'dev', 65.0)
[74/140] ('gate_min1000', 313, 'dev', 65.6)
[75/140] ('gate_min3000', 313, 'dev', 66.4)
[76/140] ('gate_margin0', 313, 'dev', 65.9)
[77/140] ('gate_x2_min1000', 313, 'dev', 62.1)
[78/140] ('gate_x1.5', 314, 'dev', 62.6)
[79/140] ('gate_x2', 314, 'dev', 62.7)
[80/140] ('gate_x3', 314, 'dev', 63.2)
[81/140] ('gate_min1000', 314, 'dev', 61.1)
[82/140] ('gate_min3000', 314, 'dev', 61.4)
[83/140] ('gate_margin0', 314, 'dev', 61.0)
[84/140] ('gate_x2_min1000', 314, 'dev', 61.1)
[85/140] ('gate_x1.5', 315, 'dev', 60.8)
[86/140] ('gate_x2', 315, 'dev', 61.2)
[87/140] ('gate_x3', 315, 'dev', 62.1)
[88/140] ('gate_min1000', 315, 'dev', 62.1)
[89/140] ('gate_min3000', 315, 'dev', 61.4)
[90/140] ('gate_margin0', 315, 'dev', 61.5)
[91/140] ('gate_x2_min1000', 315, 'dev', 61.4)
[92/140] ('gate_x1.5', 316, 'dev', 61.5)
[93/140] ('gate_x2', 316, 'dev', 60.5)
[94/140] ('gate_x3', 316, 'dev', 61.0)
[95/140] ('gate_min1000', 316, 'dev', 61.4)
[96/140] ('gate_min3000', 316, 'dev', 61.8)
[97/140] ('gate_margin0', 316, 'dev', 61.6)
[98/140] ('gate_x2_min1000', 316, 'dev', 61.9)
[99/140] ('gate_x1.5', 317, 'dev', 64.7)
[100/140] ('gate_x2', 317, 'dev', 65.0)
[101/140] ('gate_x3', 317, 'dev', 64.0)
[102/140] ('gate_min1000', 317, 'dev', 64.5)
[103/140] ('gate_min3000', 317, 'dev', 65.5)
[104/140] ('gate_margin0', 317, 'dev', 66.2)
[105/140] ('gate_x2_min1000', 317, 'dev', 63.9)
[106/140] ('gate_x1.5', 318, 'dev', 64.3)
[107/140] ('gate_x2', 318, 'dev', 65.0)
[108/140] ('gate_x3', 318, 'dev', 64.6)
[109/140] ('gate_min1000', 318, 'dev', 63.5)
[110/140] ('gate_min3000', 318, 'dev', 64.6)
[111/140] ('gate_margin0', 318, 'dev', 64.6)
[112/140] ('gate_x2_min1000', 318, 'dev', 64.5)
[113/140] ('gate_x1.5', 319, 'dev', 65.1)
[114/140] ('gate_x2', 319, 'dev', 66.9)
[115/140] ('gate_x3', 319, 'dev', 66.2)
[116/140] ('gate_min1000', 319, 'dev', 67.1)
[117/140] ('gate_min3000', 319, 'dev', 63.9)
[118/140] ('gate_margin0', 319, 'dev', 63.3)
[119/140] ('gate_x2_min1000', 319, 'dev', 63.6)
[120/140] ('gate_x1.5', 320, 'dev', 63.9)
[121/140] ('gate_x2', 320, 'dev', 64.7)
[122/140] ('gate_x3', 320, 'dev', 64.9)
[123/140] ('gate_min1000', 320, 'dev', 65.2)
[124/140] ('gate_min3000', 320, 'dev', 65.7)
[125/140] ('gate_margin0', 320, 'dev', 65.9)
[126/140] ('gate_x2_min1000', 320, 'dev', 66.0)
[127/140] ('gate_x1.5', 321, 'dev', 65.5)
[128/140] ('gate_x2', 321, 'dev', 65.9)
[129/140] ('gate_x3', 321, 'dev', 64.3)
[130/140] ('gate_min1000', 321, 'dev', 64.6)
[131/140] ('gate_min3000', 321, 'dev', 64.8)
[132/140] ('gate_margin0', 321, 'dev', 64.8)
[133/140] ('gate_x2_min1000', 321, 'dev', 63.9)
[134/140] ('gate_x1.5', 322, 'dev', 64.6)
[135/140] ('gate_x2', 322, 'dev', 64.9)
[136/140] ('gate_x3', 322, 'dev', 65.3)
[137/140] ('gate_min1000', 322, 'dev', 64.3)
[138/140] ('gate_min3000', 322, 'dev', 61.9)
[139/140] ('gate_margin0', 322, 'dev', 58.5)
[140/140] ('gate_x2_min1000', 322, 'dev', 56.1)
