code hash 63196db22b74; 40 simulations, 4 workers
[1/40] ('no_op', 1001, 'dev', 30.1)
[2/40] ('no_headroom_gate', 1001, 'dev', 50.7)
[3/40] ('gate_min3000', 1001, 'dev', 50.9)
[4/40] ('l0', 1001, 'dev', 51.4)
[5/40] ('no_op', 1002, 'dev', 38.0)
[6/40] ('no_op', 1003, 'dev', 44.5)
[7/40] ('l0', 1002, 'dev', 65.4)
[8/40] ('gate_min3000', 1002, 'dev', 66.7)
[9/40] ('no_headroom_gate', 1002, 'dev', 67.4)
[10/40] ('no_op', 1004, 'dev', 44.4)
[11/40] ('l0', 1003, 'dev', 67.5)
[12/40] ('gate_min3000', 1003, 'dev', 66.9)
[13/40] ('no_headroom_gate', 1003, 'dev', 67.1)
[14/40] ('no_op', 1005, 'dev', 41.6)
[15/40] ('l0', 1004, 'dev', 67.1)
[16/40] ('gate_min3000', 1004, 'dev', 65.6)
[17/40] ('no_headroom_gate', 1004, 'dev', 65.3)
[18/40] ('no_op', 1006, 'dev', 41.3)
[19/40] ('l0', 1005, 'dev', 64.5)
[20/40] ('gate_min3000', 1005, 'dev', 64.8)
[21/40] ('no_headroom_gate', 1005, 'dev', 64.0)
[22/40] ('no_op', 1007, 'dev', 41.0)
[23/40] ('l0', 1006, 'dev', 64.5)
[24/40] ('gate_min3000', 1006, 'dev', 65.0)
[25/40] ('no_headroom_gate', 1006, 'dev', 66.1)
[26/40] ('no_op', 1008, 'dev', 41.1)
[27/40] ('l0', 1007, 'dev', 63.7)
[28/40] ('gate_min3000', 1007, 'dev', 63.9)
[29/40] ('no_headroom_gate', 1007, 'dev', 64.3)
[30/40] ('no_op', 1009, 'dev', 42.4)
[31/40] ('l0', 1008, 'dev', 65.4)
[32/40] ('gate_min3000', 1008, 'dev', 64.7)
[33/40] ('no_headroom_gate', 1008, 'dev', 64.2)
[34/40] ('no_op', 1010, 'dev', 41.9)
[35/40] ('l0', 1009, 'dev', 64.8)
[36/40] ('gate_min3000', 1009, 'dev', 65.0)
[37/40] ('no_headroom_gate', 1009, 'dev', 64.1)
[38/40] ('l0', 1010, 'dev', 55.8)
[39/40] ('gate_min3000', 1010, 'dev', 55.1)
[40/40] ('no_headroom_gate', 1010, 'dev', 53.0)
