code hash 63196db22b74; 18 simulations, 4 workers
[1/18] ('no_op', 303, '/Users/arnabkar/Documents/Ads-etal/experiments/scenarios/V_iota_hi.json', 69.5)
[2/18] ('no_headroom_gate', 303, '/Users/arnabkar/Documents/Ads-etal/experiments/scenarios/V_iota_hi.json', 97.7)
[3/18] ('l0', 303, '/Users/arnabkar/Documents/Ads-etal/experiments/scenarios/V_iota_hi.json', 97.7)
[4/18] ('gate_min3000', 303, '/Users/arnabkar/Documents/Ads-etal/experiments/scenarios/V_iota_hi.json', 98.3)
[5/18] ('no_op', 304, '/Users/arnabkar/Documents/Ads-etal/experiments/scenarios/V_iota_hi.json', 58.8)
[6/18] ('no_cuts', 303, '/Users/arnabkar/Documents/Ads-etal/experiments/scenarios/V_iota_hi.json', 91.6)
[7/18] ('l0', 304, '/Users/arnabkar/Documents/Ads-etal/experiments/scenarios/V_iota_hi.json', 95.8)
[8/18] ('sm_r1500_c1.0', 303, '/Users/arnabkar/Documents/Ads-etal/experiments/scenarios/V_iota_hi.json', 99.7)
[9/18] ('no_headroom_gate', 304, '/Users/arnabkar/Documents/Ads-etal/experiments/scenarios/V_iota_hi.json', 108.7)
[10/18] ('gate_min3000', 304, '/Users/arnabkar/Documents/Ads-etal/experiments/scenarios/V_iota_hi.json', 109.2)
[11/18] ('no_cuts', 304, '/Users/arnabkar/Documents/Ads-etal/experiments/scenarios/V_iota_hi.json', 112.1)
[12/18] ('sm_r1500_c1.0', 304, '/Users/arnabkar/Documents/Ads-etal/experiments/scenarios/V_iota_hi.json', 113.3)
[13/18] ('no_op', 305, '/Users/arnabkar/Documents/Ads-etal/experiments/scenarios/V_iota_hi.json', 77.8)
[14/18] ('l0', 305, '/Users/arnabkar/Documents/Ads-etal/experiments/scenarios/V_iota_hi.json', 120.6)
[15/18] ('no_headroom_gate', 305, '/Users/arnabkar/Documents/Ads-etal/experiments/scenarios/V_iota_hi.json', 123.6)
[16/18] ('gate_min3000', 305, '/Users/arnabkar/Documents/Ads-etal/experiments/scenarios/V_iota_hi.json', 123.6)
[17/18] ('no_cuts', 305, '/Users/arnabkar/Documents/Ads-etal/experiments/scenarios/V_iota_hi.json', 112.1)
[18/18] ('sm_r1500_c1.0', 305, '/Users/arnabkar/Documents/Ads-etal/experiments/scenarios/V_iota_hi.json', 94.1)
code hash 63196db22b74; 18 simulations, 4 workers
[1/18] ('no_op', 303, '/Users/arnabkar/Documents/Ads-etal/experiments/scenarios/V_iota_lo.json', 44.1)
[2/18] ('gate_min3000', 303, '/Users/arnabkar/Documents/Ads-etal/experiments/scenarios/V_iota_lo.json', 72.8)
[3/18] ('no_headroom_gate', 303, '/Users/arnabkar/Documents/Ads-etal/experiments/scenarios/V_iota_lo.json', 73.0)
[4/18] ('l0', 303, '/Users/arnabkar/Documents/Ads-etal/experiments/scenarios/V_iota_lo.json', 74.1)
[5/18] ('no_op', 304, '/Users/arnabkar/Documents/Ads-etal/experiments/scenarios/V_iota_lo.json', 46.5)
[6/18] ('no_cuts', 303, '/Users/arnabkar/Documents/Ads-etal/experiments/scenarios/V_iota_lo.json', 76.9)
[7/18] ('l0', 304, '/Users/arnabkar/Documents/Ads-etal/experiments/scenarios/V_iota_lo.json', 74.9)
[8/18] ('sm_r1500_c1.0', 303, '/Users/arnabkar/Documents/Ads-etal/experiments/scenarios/V_iota_lo.json', 76.2)
[9/18] ('no_headroom_gate', 304, '/Users/arnabkar/Documents/Ads-etal/experiments/scenarios/V_iota_lo.json', 80.4)
[10/18] ('gate_min3000', 304, '/Users/arnabkar/Documents/Ads-etal/experiments/scenarios/V_iota_lo.json', 80.3)
[11/18] ('no_cuts', 304, '/Users/arnabkar/Documents/Ads-etal/experiments/scenarios/V_iota_lo.json', 87.0)
[12/18] ('sm_r1500_c1.0', 304, '/Users/arnabkar/Documents/Ads-etal/experiments/scenarios/V_iota_lo.json', 87.7)
[13/18] ('no_op', 305, '/Users/arnabkar/Documents/Ads-etal/experiments/scenarios/V_iota_lo.json', 59.4)
[14/18] ('l0', 305, '/Users/arnabkar/Documents/Ads-etal/experiments/scenarios/V_iota_lo.json', 84.6)
[15/18] ('gate_min3000', 305, '/Users/arnabkar/Documents/Ads-etal/experiments/scenarios/V_iota_lo.json', 76.8)
[16/18] ('no_headroom_gate', 305, '/Users/arnabkar/Documents/Ads-etal/experiments/scenarios/V_iota_lo.json', 78.0)
[17/18] ('no_cuts', 305, '/Users/arnabkar/Documents/Ads-etal/experiments/scenarios/V_iota_lo.json', 69.0)
[18/18] ('sm_r1500_c1.0', 305, '/Users/arnabkar/Documents/Ads-etal/experiments/scenarios/V_iota_lo.json', 64.3)
code hash 63196db22b74; 18 simulations, 4 workers
[1/18] ('no_op', 303, '/Users/arnabkar/Documents/Ads-etal/experiments/scenarios/V_sigma_lo.json', 49.0)
[2/18] ('l0', 303, '/Users/arnabkar/Documents/Ads-etal/experiments/scenarios/V_sigma_lo.json', 72.6)
[3/18] ('gate_min3000', 303, '/Users/arnabkar/Documents/Ads-etal/experiments/scenarios/V_sigma_lo.json', 72.7)
[4/18] ('no_headroom_gate', 303, '/Users/arnabkar/Documents/Ads-etal/experiments/scenarios/V_sigma_lo.json', 72.9)
[5/18] ('no_op', 304, '/Users/arnabkar/Documents/Ads-etal/experiments/scenarios/V_sigma_lo.json', 55.7)
[6/18] ('no_cuts', 303, '/Users/arnabkar/Documents/Ads-etal/experiments/scenarios/V_sigma_lo.json', 82.1)
[7/18] ('l0', 304, '/Users/arnabkar/Documents/Ads-etal/experiments/scenarios/V_sigma_lo.json', 86.2)
[8/18] ('sm_r1500_c1.0', 303, '/Users/arnabkar/Documents/Ads-etal/experiments/scenarios/V_sigma_lo.json', 88.2)
[9/18] ('no_headroom_gate', 304, '/Users/arnabkar/Documents/Ads-etal/experiments/scenarios/V_sigma_lo.json', 82.2)
[10/18] ('gate_min3000', 304, '/Users/arnabkar/Documents/Ads-etal/experiments/scenarios/V_sigma_lo.json', 81.3)
[11/18] ('no_cuts', 304, '/Users/arnabkar/Documents/Ads-etal/experiments/scenarios/V_sigma_lo.json', 84.4)
[12/18] ('sm_r1500_c1.0', 304, '/Users/arnabkar/Documents/Ads-etal/experiments/scenarios/V_sigma_lo.json', 84.6)
[13/18] ('no_op', 305, '/Users/arnabkar/Documents/Ads-etal/experiments/scenarios/V_sigma_lo.json', 54.4)
[14/18] ('l0', 305, '/Users/arnabkar/Documents/Ads-etal/experiments/scenarios/V_sigma_lo.json', 79.9)
[15/18] ('no_headroom_gate', 305, '/Users/arnabkar/Documents/Ads-etal/experiments/scenarios/V_sigma_lo.json', 75.3)
[16/18] ('gate_min3000', 305, '/Users/arnabkar/Documents/Ads-etal/experiments/scenarios/V_sigma_lo.json', 75.0)
[17/18] ('no_cuts', 305, '/Users/arnabkar/Documents/Ads-etal/experiments/scenarios/V_sigma_lo.json', 78.7)
[18/18] ('sm_r1500_c1.0', 305, '/Users/arnabkar/Documents/Ads-etal/experiments/scenarios/V_sigma_lo.json', 82.1)
code hash 63196db22b74; 18 simulations, 4 workers
[1/18] ('no_op', 303, '/Users/arnabkar/Documents/Ads-etal/experiments/scenarios/V_sigma_hi.json', 74.4)
[2/18] ('no_headroom_gate', 303, '/Users/arnabkar/Documents/Ads-etal/experiments/scenarios/V_sigma_hi.json', 106.6)
[3/18] ('l0', 303, '/Users/arnabkar/Documents/Ads-etal/experiments/scenarios/V_sigma_hi.json', 107.0)
[4/18] ('gate_min3000', 303, '/Users/arnabkar/Documents/Ads-etal/experiments/scenarios/V_sigma_hi.json', 107.0)
[5/18] ('no_op', 304, '/Users/arnabkar/Documents/Ads-etal/experiments/scenarios/V_sigma_hi.json', 66.5)
[6/18] ('no_cuts', 303, '/Users/arnabkar/Documents/Ads-etal/experiments/scenarios/V_sigma_hi.json', 100.9)
[7/18] ('l0', 304, '/Users/arnabkar/Documents/Ads-etal/experiments/scenarios/V_sigma_hi.json', 97.3)
[8/18] ('sm_r1500_c1.0', 303, '/Users/arnabkar/Documents/Ads-etal/experiments/scenarios/V_sigma_hi.json', 99.3)
[9/18] ('no_headroom_gate', 304, '/Users/arnabkar/Documents/Ads-etal/experiments/scenarios/V_sigma_hi.json', 95.5)
[10/18] ('gate_min3000', 304, '/Users/arnabkar/Documents/Ads-etal/experiments/scenarios/V_sigma_hi.json', 95.5)
[11/18] ('no_cuts', 304, '/Users/arnabkar/Documents/Ads-etal/experiments/scenarios/V_sigma_hi.json', 99.0)
[12/18] ('sm_r1500_c1.0', 304, '/Users/arnabkar/Documents/Ads-etal/experiments/scenarios/V_sigma_hi.json', 101.7)
[13/18] ('no_op', 305, '/Users/arnabkar/Documents/Ads-etal/experiments/scenarios/V_sigma_hi.json', 69.6)
[14/18] ('l0', 305, '/Users/arnabkar/Documents/Ads-etal/experiments/scenarios/V_sigma_hi.json', 107.2)
[15/18] ('no_headroom_gate', 305, '/Users/arnabkar/Documents/Ads-etal/experiments/scenarios/V_sigma_hi.json', 108.6)
[16/18] ('gate_min3000', 305, '/Users/arnabkar/Documents/Ads-etal/experiments/scenarios/V_sigma_hi.json', 105.9)
[17/18] ('no_cuts', 305, '/Users/arnabkar/Documents/Ads-etal/experiments/scenarios/V_sigma_hi.json', 99.1)
[18/18] ('sm_r1500_c1.0', 305, '/Users/arnabkar/Documents/Ads-etal/experiments/scenarios/V_sigma_hi.json', 87.1)
code hash 63196db22b74; 18 simulations, 4 workers
[1/18] ('no_op', 303, '/Users/arnabkar/Documents/Ads-etal/experiments/scenarios/V_appeal_rot.json', 65.5)
[2/18] ('l0', 303, '/Users/arnabkar/Documents/Ads-etal/experiments/scenarios/V_appeal_rot.json', 95.8)
[3/18] ('no_headroom_gate', 303, '/Users/arnabkar/Documents/Ads-etal/experiments/scenarios/V_appeal_rot.json', 96.5)
[4/18] ('gate_min3000', 303, '/Users/arnabkar/Documents/Ads-etal/experiments/scenarios/V_appeal_rot.json', 96.6)
[5/18] ('no_op', 304, '/Users/arnabkar/Documents/Ads-etal/experiments/scenarios/V_appeal_rot.json', 50.7)
[6/18] ('no_cuts', 303, '/Users/arnabkar/Documents/Ads-etal/experiments/scenarios/V_appeal_rot.json', 84.3)
[7/18] ('l0', 304, '/Users/arnabkar/Documents/Ads-etal/experiments/scenarios/V_appeal_rot.json', 85.9)
[8/18] ('sm_r1500_c1.0', 303, '/Users/arnabkar/Documents/Ads-etal/experiments/scenarios/V_appeal_rot.json', 87.9)
[9/18] ('no_headroom_gate', 304, '/Users/arnabkar/Documents/Ads-etal/experiments/scenarios/V_appeal_rot.json', 75.3)
[10/18] ('gate_min3000', 304, '/Users/arnabkar/Documents/Ads-etal/experiments/scenarios/V_appeal_rot.json', 73.7)
[11/18] ('no_cuts', 304, '/Users/arnabkar/Documents/Ads-etal/experiments/scenarios/V_appeal_rot.json', 61.5)
[12/18] ('sm_r1500_c1.0', 304, '/Users/arnabkar/Documents/Ads-etal/experiments/scenarios/V_appeal_rot.json', 60.5)
[13/18] ('no_op', 305, '/Users/arnabkar/Documents/Ads-etal/experiments/scenarios/V_appeal_rot.json', 39.9)
[14/18] ('l0', 305, '/Users/arnabkar/Documents/Ads-etal/experiments/scenarios/V_appeal_rot.json', 58.9)
[15/18] ('gate_min3000', 305, '/Users/arnabkar/Documents/Ads-etal/experiments/scenarios/V_appeal_rot.json', 59.1)
[16/18] ('no_headroom_gate', 305, '/Users/arnabkar/Documents/Ads-etal/experiments/scenarios/V_appeal_rot.json', 60.3)
[17/18] ('no_cuts', 305, '/Users/arnabkar/Documents/Ads-etal/experiments/scenarios/V_appeal_rot.json', 54.0)
[18/18] ('sm_r1500_c1.0', 305, '/Users/arnabkar/Documents/Ads-etal/experiments/scenarios/V_appeal_rot.json', 45.0)
code hash 63196db22b74; 18 simulations, 4 workers
[1/18] ('no_op', 303, '/Users/arnabkar/Documents/Ads-etal/experiments/scenarios/V_intent_hi.json', 37.5)
[2/18] ('gate_min3000', 303, '/Users/arnabkar/Documents/Ads-etal/experiments/scenarios/V_intent_hi.json', 58.6)
[3/18] ('l0', 303, '/Users/arnabkar/Documents/Ads-etal/experiments/scenarios/V_intent_hi.json', 58.6)
[4/18] ('no_headroom_gate', 303, '/Users/arnabkar/Documents/Ads-etal/experiments/scenarios/V_intent_hi.json', 58.9)
[5/18] ('no_op', 304, '/Users/arnabkar/Documents/Ads-etal/experiments/scenarios/V_intent_hi.json', 37.2)
[6/18] ('no_cuts', 303, '/Users/arnabkar/Documents/Ads-etal/experiments/scenarios/V_intent_hi.json', 59.1)
[7/18] ('l0', 304, '/Users/arnabkar/Documents/Ads-etal/experiments/scenarios/V_intent_hi.json', 58.7)
[8/18] ('sm_r1500_c1.0', 303, '/Users/arnabkar/Documents/Ads-etal/experiments/scenarios/V_intent_hi.json', 60.5)
[9/18] ('no_headroom_gate', 304, '/Users/arnabkar/Documents/Ads-etal/experiments/scenarios/V_intent_hi.json', 59.1)
[10/18] ('gate_min3000', 304, '/Users/arnabkar/Documents/Ads-etal/experiments/scenarios/V_intent_hi.json', 58.7)
[11/18] ('no_cuts', 304, '/Users/arnabkar/Documents/Ads-etal/experiments/scenarios/V_intent_hi.json', 59.6)
[12/18] ('sm_r1500_c1.0', 304, '/Users/arnabkar/Documents/Ads-etal/experiments/scenarios/V_intent_hi.json', 59.8)
[13/18] ('no_op', 305, '/Users/arnabkar/Documents/Ads-etal/experiments/scenarios/V_intent_hi.json', 40.1)
[14/18] ('l0', 305, '/Users/arnabkar/Documents/Ads-etal/experiments/scenarios/V_intent_hi.json', 62.8)
[15/18] ('no_headroom_gate', 305, '/Users/arnabkar/Documents/Ads-etal/experiments/scenarios/V_intent_hi.json', 63.1)
[16/18] ('gate_min3000', 305, '/Users/arnabkar/Documents/Ads-etal/experiments/scenarios/V_intent_hi.json', 62.8)
[17/18] ('no_cuts', 305, '/Users/arnabkar/Documents/Ads-etal/experiments/scenarios/V_intent_hi.json', 56.9)
[18/18] ('sm_r1500_c1.0', 305, '/Users/arnabkar/Documents/Ads-etal/experiments/scenarios/V_intent_hi.json', 48.5)
code hash 63196db22b74; 18 simulations, 4 workers
[1/18] ('no_op', 303, '/Users/arnabkar/Documents/Ads-etal/experiments/scenarios/V_intent_lo.json', 40.0)
[2/18] ('l0', 303, '/Users/arnabkar/Documents/Ads-etal/experiments/scenarios/V_intent_lo.json', 63.5)
[3/18] ('no_headroom_gate', 303, '/Users/arnabkar/Documents/Ads-etal/experiments/scenarios/V_intent_lo.json', 63.6)
[4/18] ('gate_min3000', 303, '/Users/arnabkar/Documents/Ads-etal/experiments/scenarios/V_intent_lo.json', 63.8)
[5/18] ('no_op', 304, '/Users/arnabkar/Documents/Ads-etal/experiments/scenarios/V_intent_lo.json', 45.2)
[6/18] ('no_cuts', 303, '/Users/arnabkar/Documents/Ads-etal/experiments/scenarios/V_intent_lo.json', 70.6)
[7/18] ('l0', 304, '/Users/arnabkar/Documents/Ads-etal/experiments/scenarios/V_intent_lo.json', 67.9)
[8/18] ('sm_r1500_c1.0', 303, '/Users/arnabkar/Documents/Ads-etal/experiments/scenarios/V_intent_lo.json', 69.2)
[9/18] ('no_headroom_gate', 304, '/Users/arnabkar/Documents/Ads-etal/experiments/scenarios/V_intent_lo.json', 62.7)
[10/18] ('gate_min3000', 304, '/Users/arnabkar/Documents/Ads-etal/experiments/scenarios/V_intent_lo.json', 61.7)
[11/18] ('no_cuts', 304, '/Users/arnabkar/Documents/Ads-etal/experiments/scenarios/V_intent_lo.json', 60.8)
[12/18] ('sm_r1500_c1.0', 304, '/Users/arnabkar/Documents/Ads-etal/experiments/scenarios/V_intent_lo.json', 61.1)
[13/18] ('no_op', 305, '/Users/arnabkar/Documents/Ads-etal/experiments/scenarios/V_intent_lo.json', 41.3)
[14/18] ('l0', 305, '/Users/arnabkar/Documents/Ads-etal/experiments/scenarios/V_intent_lo.json', 64.0)
[15/18] ('no_headroom_gate', 305, '/Users/arnabkar/Documents/Ads-etal/experiments/scenarios/V_intent_lo.json', 65.2)
[16/18] ('gate_min3000', 305, '/Users/arnabkar/Documents/Ads-etal/experiments/scenarios/V_intent_lo.json', 64.8)
[17/18] ('no_cuts', 305, '/Users/arnabkar/Documents/Ads-etal/experiments/scenarios/V_intent_lo.json', 57.0)
[18/18] ('sm_r1500_c1.0', 305, '/Users/arnabkar/Documents/Ads-etal/experiments/scenarios/V_intent_lo.json', 44.9)
code hash 63196db22b74; 18 simulations, 4 workers
[1/18] ('no_op', 303, '/Users/arnabkar/Documents/Ads-etal/grid-path-challenge/harness_eval/scenarios/P1_osa_different_sku_city.json', 41.1)
[2/18] ('no_headroom_gate', 303, '/Users/arnabkar/Documents/Ads-etal/grid-path-challenge/harness_eval/scenarios/P1_osa_different_sku_city.json', 62.3)
[3/18] ('l0', 303, '/Users/arnabkar/Documents/Ads-etal/grid-path-challenge/harness_eval/scenarios/P1_osa_different_sku_city.json', 62.8)
[4/18] ('gate_min3000', 303, '/Users/arnabkar/Documents/Ads-etal/grid-path-challenge/harness_eval/scenarios/P1_osa_different_sku_city.json', 63.3)
[5/18] ('no_op', 304, '/Users/arnabkar/Documents/Ads-etal/grid-path-challenge/harness_eval/scenarios/P1_osa_different_sku_city.json', 38.9)
[6/18] ('no_cuts', 303, '/Users/arnabkar/Documents/Ads-etal/grid-path-challenge/harness_eval/scenarios/P1_osa_different_sku_city.json', 62.0)
[7/18] ('l0', 304, '/Users/arnabkar/Documents/Ads-etal/grid-path-challenge/harness_eval/scenarios/P1_osa_different_sku_city.json', 61.1)
[8/18] ('sm_r1500_c1.0', 303, '/Users/arnabkar/Documents/Ads-etal/grid-path-challenge/harness_eval/scenarios/P1_osa_different_sku_city.json', 62.6)
[9/18] ('no_headroom_gate', 304, '/Users/arnabkar/Documents/Ads-etal/grid-path-challenge/harness_eval/scenarios/P1_osa_different_sku_city.json', 60.3)
[10/18] ('gate_min3000', 304, '/Users/arnabkar/Documents/Ads-etal/grid-path-challenge/harness_eval/scenarios/P1_osa_different_sku_city.json', 60.3)
[11/18] ('no_cuts', 304, '/Users/arnabkar/Documents/Ads-etal/grid-path-challenge/harness_eval/scenarios/P1_osa_different_sku_city.json', 61.3)
[12/18] ('sm_r1500_c1.0', 304, '/Users/arnabkar/Documents/Ads-etal/grid-path-challenge/harness_eval/scenarios/P1_osa_different_sku_city.json', 61.6)
[13/18] ('no_op', 305, '/Users/arnabkar/Documents/Ads-etal/grid-path-challenge/harness_eval/scenarios/P1_osa_different_sku_city.json', 41.5)
[14/18] ('l0', 305, '/Users/arnabkar/Documents/Ads-etal/grid-path-challenge/harness_eval/scenarios/P1_osa_different_sku_city.json', 64.3)
[15/18] ('gate_min3000', 305, '/Users/arnabkar/Documents/Ads-etal/grid-path-challenge/harness_eval/scenarios/P1_osa_different_sku_city.json', 64.7)
[16/18] ('no_headroom_gate', 305, '/Users/arnabkar/Documents/Ads-etal/grid-path-challenge/harness_eval/scenarios/P1_osa_different_sku_city.json', 65.7)
[17/18] ('no_cuts', 305, '/Users/arnabkar/Documents/Ads-etal/grid-path-challenge/harness_eval/scenarios/P1_osa_different_sku_city.json', 59.9)
[18/18] ('sm_r1500_c1.0', 305, '/Users/arnabkar/Documents/Ads-etal/grid-path-challenge/harness_eval/scenarios/P1_osa_different_sku_city.json', 48.5)
code hash 63196db22b74; 18 simulations, 4 workers
[1/18] ('no_op', 303, '/Users/arnabkar/Documents/Ads-etal/grid-path-challenge/harness_eval/scenarios/P2_price_different_market_bigger.json', 41.2)
[2/18] ('no_headroom_gate', 303, '/Users/arnabkar/Documents/Ads-etal/grid-path-challenge/harness_eval/scenarios/P2_price_different_market_bigger.json', 62.4)
[3/18] ('l0', 303, '/Users/arnabkar/Documents/Ads-etal/grid-path-challenge/harness_eval/scenarios/P2_price_different_market_bigger.json', 62.8)
[4/18] ('gate_min3000', 303, '/Users/arnabkar/Documents/Ads-etal/grid-path-challenge/harness_eval/scenarios/P2_price_different_market_bigger.json', 63.2)
[5/18] ('no_op', 304, '/Users/arnabkar/Documents/Ads-etal/grid-path-challenge/harness_eval/scenarios/P2_price_different_market_bigger.json', 39.7)
[6/18] ('no_cuts', 303, '/Users/arnabkar/Documents/Ads-etal/grid-path-challenge/harness_eval/scenarios/P2_price_different_market_bigger.json', 63.4)
[7/18] ('l0', 304, '/Users/arnabkar/Documents/Ads-etal/grid-path-challenge/harness_eval/scenarios/P2_price_different_market_bigger.json', 62.8)
[8/18] ('sm_r1500_c1.0', 303, '/Users/arnabkar/Documents/Ads-etal/grid-path-challenge/harness_eval/scenarios/P2_price_different_market_bigger.json', 64.0)
[9/18] ('no_headroom_gate', 304, '/Users/arnabkar/Documents/Ads-etal/grid-path-challenge/harness_eval/scenarios/P2_price_different_market_bigger.json', 63.1)
[10/18] ('gate_min3000', 304, '/Users/arnabkar/Documents/Ads-etal/grid-path-challenge/harness_eval/scenarios/P2_price_different_market_bigger.json', 63.6)
[11/18] ('no_cuts', 304, '/Users/arnabkar/Documents/Ads-etal/grid-path-challenge/harness_eval/scenarios/P2_price_different_market_bigger.json', 63.4)
[12/18] ('sm_r1500_c1.0', 304, '/Users/arnabkar/Documents/Ads-etal/grid-path-challenge/harness_eval/scenarios/P2_price_different_market_bigger.json', 63.3)
[13/18] ('no_op', 305, '/Users/arnabkar/Documents/Ads-etal/grid-path-challenge/harness_eval/scenarios/P2_price_different_market_bigger.json', 42.0)
[14/18] ('l0', 305, '/Users/arnabkar/Documents/Ads-etal/grid-path-challenge/harness_eval/scenarios/P2_price_different_market_bigger.json', 64.8)
[15/18] ('gate_min3000', 305, '/Users/arnabkar/Documents/Ads-etal/grid-path-challenge/harness_eval/scenarios/P2_price_different_market_bigger.json', 64.7)
[16/18] ('no_headroom_gate', 305, '/Users/arnabkar/Documents/Ads-etal/grid-path-challenge/harness_eval/scenarios/P2_price_different_market_bigger.json', 65.4)
[17/18] ('no_cuts', 305, '/Users/arnabkar/Documents/Ads-etal/grid-path-challenge/harness_eval/scenarios/P2_price_different_market_bigger.json', 60.3)
[18/18] ('sm_r1500_c1.0', 305, '/Users/arnabkar/Documents/Ads-etal/grid-path-challenge/harness_eval/scenarios/P2_price_different_market_bigger.json', 48.1)
code hash 63196db22b74; 18 simulations, 4 workers
[1/18] ('no_op', 303, '/Users/arnabkar/Documents/Ads-etal/grid-path-challenge/harness_eval/scenarios/P3_demand_different_keywords_earlier.json', 42.4)
[2/18] ('gate_min3000', 303, '/Users/arnabkar/Documents/Ads-etal/grid-path-challenge/harness_eval/scenarios/P3_demand_different_keywords_earlier.json', 65.5)
[3/18] ('no_headroom_gate', 303, '/Users/arnabkar/Documents/Ads-etal/grid-path-challenge/harness_eval/scenarios/P3_demand_different_keywords_earlier.json', 66.2)
[4/18] ('l0', 303, '/Users/arnabkar/Documents/Ads-etal/grid-path-challenge/harness_eval/scenarios/P3_demand_different_keywords_earlier.json', 66.4)
[5/18] ('no_op', 304, '/Users/arnabkar/Documents/Ads-etal/grid-path-challenge/harness_eval/scenarios/P3_demand_different_keywords_earlier.json', 40.2)
[6/18] ('no_cuts', 303, '/Users/arnabkar/Documents/Ads-etal/grid-path-challenge/harness_eval/scenarios/P3_demand_different_keywords_earlier.json', 66.0)
[7/18] ('l0', 304, '/Users/arnabkar/Documents/Ads-etal/grid-path-challenge/harness_eval/scenarios/P3_demand_different_keywords_earlier.json', 62.9)
[8/18] ('sm_r1500_c1.0', 303, '/Users/arnabkar/Documents/Ads-etal/grid-path-challenge/harness_eval/scenarios/P3_demand_different_keywords_earlier.json', 63.9)
[9/18] ('no_headroom_gate', 304, '/Users/arnabkar/Documents/Ads-etal/grid-path-challenge/harness_eval/scenarios/P3_demand_different_keywords_earlier.json', 62.2)
[10/18] ('gate_min3000', 304, '/Users/arnabkar/Documents/Ads-etal/grid-path-challenge/harness_eval/scenarios/P3_demand_different_keywords_earlier.json', 61.8)
[11/18] ('no_cuts', 304, '/Users/arnabkar/Documents/Ads-etal/grid-path-challenge/harness_eval/scenarios/P3_demand_different_keywords_earlier.json', 61.7)
[12/18] ('sm_r1500_c1.0', 304, '/Users/arnabkar/Documents/Ads-etal/grid-path-challenge/harness_eval/scenarios/P3_demand_different_keywords_earlier.json', 61.6)
[13/18] ('no_op', 305, '/Users/arnabkar/Documents/Ads-etal/grid-path-challenge/harness_eval/scenarios/P3_demand_different_keywords_earlier.json', 40.5)
[14/18] ('l0', 305, '/Users/arnabkar/Documents/Ads-etal/grid-path-challenge/harness_eval/scenarios/P3_demand_different_keywords_earlier.json', 63.7)
[15/18] ('gate_min3000', 305, '/Users/arnabkar/Documents/Ads-etal/grid-path-challenge/harness_eval/scenarios/P3_demand_different_keywords_earlier.json', 64.4)
[16/18] ('no_headroom_gate', 305, '/Users/arnabkar/Documents/Ads-etal/grid-path-challenge/harness_eval/scenarios/P3_demand_different_keywords_earlier.json', 65.2)
[17/18] ('no_cuts', 305, '/Users/arnabkar/Documents/Ads-etal/grid-path-challenge/harness_eval/scenarios/P3_demand_different_keywords_earlier.json', 58.7)
[18/18] ('sm_r1500_c1.0', 305, '/Users/arnabkar/Documents/Ads-etal/grid-path-challenge/harness_eval/scenarios/P3_demand_different_keywords_earlier.json', 46.1)
code hash 63196db22b74; 18 simulations, 4 workers
[1/18] ('no_op', 303, '/Users/arnabkar/Documents/Ads-etal/grid-path-challenge/harness_eval/scenarios/P4_all_three_shifted_earlier.json', 41.4)
[2/18] ('l0', 303, '/Users/arnabkar/Documents/Ads-etal/grid-path-challenge/harness_eval/scenarios/P4_all_three_shifted_earlier.json', 65.3)
[3/18] ('no_headroom_gate', 303, '/Users/arnabkar/Documents/Ads-etal/grid-path-challenge/harness_eval/scenarios/P4_all_three_shifted_earlier.json', 65.4)
[4/18] ('gate_min3000', 303, '/Users/arnabkar/Documents/Ads-etal/grid-path-challenge/harness_eval/scenarios/P4_all_three_shifted_earlier.json', 66.0)
[5/18] ('no_op', 304, '/Users/arnabkar/Documents/Ads-etal/grid-path-challenge/harness_eval/scenarios/P4_all_three_shifted_earlier.json', 39.0)
[6/18] ('no_cuts', 303, '/Users/arnabkar/Documents/Ads-etal/grid-path-challenge/harness_eval/scenarios/P4_all_three_shifted_earlier.json', 65.1)
[7/18] ('l0', 304, '/Users/arnabkar/Documents/Ads-etal/grid-path-challenge/harness_eval/scenarios/P4_all_three_shifted_earlier.json', 63.7)
[8/18] ('sm_r1500_c1.0', 303, '/Users/arnabkar/Documents/Ads-etal/grid-path-challenge/harness_eval/scenarios/P4_all_three_shifted_earlier.json', 65.3)
[9/18] ('no_headroom_gate', 304, '/Users/arnabkar/Documents/Ads-etal/grid-path-challenge/harness_eval/scenarios/P4_all_three_shifted_earlier.json', 62.6)
[10/18] ('gate_min3000', 304, '/Users/arnabkar/Documents/Ads-etal/grid-path-challenge/harness_eval/scenarios/P4_all_three_shifted_earlier.json', 62.8)
[11/18] ('no_cuts', 304, '/Users/arnabkar/Documents/Ads-etal/grid-path-challenge/harness_eval/scenarios/P4_all_three_shifted_earlier.json', 81.4)
[12/18] ('sm_r1500_c1.0', 304, '/Users/arnabkar/Documents/Ads-etal/grid-path-challenge/harness_eval/scenarios/P4_all_three_shifted_earlier.json', 83.4)
[13/18] ('no_op', 305, '/Users/arnabkar/Documents/Ads-etal/grid-path-challenge/harness_eval/scenarios/P4_all_three_shifted_earlier.json', 68.9)
[14/18] ('l0', 305, '/Users/arnabkar/Documents/Ads-etal/grid-path-challenge/harness_eval/scenarios/P4_all_three_shifted_earlier.json', 95.6)
[15/18] ('no_headroom_gate', 305, '/Users/arnabkar/Documents/Ads-etal/grid-path-challenge/harness_eval/scenarios/P4_all_three_shifted_earlier.json', 76.3)
[16/18] ('gate_min3000', 305, '/Users/arnabkar/Documents/Ads-etal/grid-path-challenge/harness_eval/scenarios/P4_all_three_shifted_earlier.json', 73.8)
[17/18] ('no_cuts', 305, '/Users/arnabkar/Documents/Ads-etal/grid-path-challenge/harness_eval/scenarios/P4_all_three_shifted_earlier.json', 61.9)
[18/18] ('sm_r1500_c1.0', 305, '/Users/arnabkar/Documents/Ads-etal/grid-path-challenge/harness_eval/scenarios/P4_all_three_shifted_earlier.json', 47.6)
code hash 63196db22b74; 18 simulations, 4 workers
[1/18] ('no_op', 303, '/Users/arnabkar/Documents/Ads-etal/grid-path-challenge/harness_eval/scenarios/P5_severe_osa_dip.json', 41.1)
[2/18] ('l0', 303, '/Users/arnabkar/Documents/Ads-etal/grid-path-challenge/harness_eval/scenarios/P5_severe_osa_dip.json', 67.5)
[3/18] ('no_headroom_gate', 303, '/Users/arnabkar/Documents/Ads-etal/grid-path-challenge/harness_eval/scenarios/P5_severe_osa_dip.json', 67.5)
[4/18] ('gate_min3000', 303, '/Users/arnabkar/Documents/Ads-etal/grid-path-challenge/harness_eval/scenarios/P5_severe_osa_dip.json', 67.8)
[5/18] ('no_op', 304, '/Users/arnabkar/Documents/Ads-etal/grid-path-challenge/harness_eval/scenarios/P5_severe_osa_dip.json', 37.0)
[6/18] ('no_cuts', 303, '/Users/arnabkar/Documents/Ads-etal/grid-path-challenge/harness_eval/scenarios/P5_severe_osa_dip.json', 66.5)
[7/18] ('l0', 304, '/Users/arnabkar/Documents/Ads-etal/grid-path-challenge/harness_eval/scenarios/P5_severe_osa_dip.json', 57.6)
[8/18] ('sm_r1500_c1.0', 303, '/Users/arnabkar/Documents/Ads-etal/grid-path-challenge/harness_eval/scenarios/P5_severe_osa_dip.json', 59.2)
[9/18] ('no_headroom_gate', 304, '/Users/arnabkar/Documents/Ads-etal/grid-path-challenge/harness_eval/scenarios/P5_severe_osa_dip.json', 54.9)
[10/18] ('gate_min3000', 304, '/Users/arnabkar/Documents/Ads-etal/grid-path-challenge/harness_eval/scenarios/P5_severe_osa_dip.json', 54.1)
[11/18] ('no_cuts', 304, '/Users/arnabkar/Documents/Ads-etal/grid-path-challenge/harness_eval/scenarios/P5_severe_osa_dip.json', 54.1)
[12/18] ('sm_r1500_c1.0', 304, '/Users/arnabkar/Documents/Ads-etal/grid-path-challenge/harness_eval/scenarios/P5_severe_osa_dip.json', 54.7)
[13/18] ('no_op', 305, '/Users/arnabkar/Documents/Ads-etal/grid-path-challenge/harness_eval/scenarios/P5_severe_osa_dip.json', 34.7)
[14/18] ('l0', 305, '/Users/arnabkar/Documents/Ads-etal/grid-path-challenge/harness_eval/scenarios/P5_severe_osa_dip.json', 53.9)
[15/18] ('no_headroom_gate', 305, '/Users/arnabkar/Documents/Ads-etal/grid-path-challenge/harness_eval/scenarios/P5_severe_osa_dip.json', 52.6)
[16/18] ('gate_min3000', 305, '/Users/arnabkar/Documents/Ads-etal/grid-path-challenge/harness_eval/scenarios/P5_severe_osa_dip.json', 52.4)
[17/18] ('no_cuts', 305, '/Users/arnabkar/Documents/Ads-etal/grid-path-challenge/harness_eval/scenarios/P5_severe_osa_dip.json', 48.2)
[18/18] ('sm_r1500_c1.0', 305, '/Users/arnabkar/Documents/Ads-etal/grid-path-challenge/harness_eval/scenarios/P5_severe_osa_dip.json', 38.6)
code hash 63196db22b74; 18 simulations, 4 workers
[1/18] ('no_op', 303, '/Users/arnabkar/Documents/Ads-etal/grid-path-challenge/harness_eval/scenarios/P6_demand_shock_on_brand.json', 33.6)
[2/18] ('l0', 303, '/Users/arnabkar/Documents/Ads-etal/grid-path-challenge/harness_eval/scenarios/P6_demand_shock_on_brand.json', 50.9)
[3/18] ('gate_min3000', 303, '/Users/arnabkar/Documents/Ads-etal/grid-path-challenge/harness_eval/scenarios/P6_demand_shock_on_brand.json', 51.0)
[4/18] ('no_headroom_gate', 303, '/Users/arnabkar/Documents/Ads-etal/grid-path-challenge/harness_eval/scenarios/P6_demand_shock_on_brand.json', 51.1)
[5/18] ('no_op', 304, '/Users/arnabkar/Documents/Ads-etal/grid-path-challenge/harness_eval/scenarios/P6_demand_shock_on_brand.json', 32.8)
[6/18] ('no_cuts', 303, '/Users/arnabkar/Documents/Ads-etal/grid-path-challenge/harness_eval/scenarios/P6_demand_shock_on_brand.json', 52.2)
[7/18] ('l0', 304, '/Users/arnabkar/Documents/Ads-etal/grid-path-challenge/harness_eval/scenarios/P6_demand_shock_on_brand.json', 70.1)
[8/18] ('sm_r1500_c1.0', 303, '/Users/arnabkar/Documents/Ads-etal/grid-path-challenge/harness_eval/scenarios/P6_demand_shock_on_brand.json', 72.4)
[9/18] ('no_headroom_gate', 304, '/Users/arnabkar/Documents/Ads-etal/grid-path-challenge/harness_eval/scenarios/P6_demand_shock_on_brand.json', 85.2)
[10/18] ('gate_min3000', 304, '/Users/arnabkar/Documents/Ads-etal/grid-path-challenge/harness_eval/scenarios/P6_demand_shock_on_brand.json', 85.2)
[11/18] ('no_cuts', 304, '/Users/arnabkar/Documents/Ads-etal/grid-path-challenge/harness_eval/scenarios/P6_demand_shock_on_brand.json', 72.0)
[12/18] ('sm_r1500_c1.0', 304, '/Users/arnabkar/Documents/Ads-etal/grid-path-challenge/harness_eval/scenarios/P6_demand_shock_on_brand.json', 72.2)
[13/18] ('no_op', 305, '/Users/arnabkar/Documents/Ads-etal/grid-path-challenge/harness_eval/scenarios/P6_demand_shock_on_brand.json', 47.2)
[14/18] ('l0', 305, '/Users/arnabkar/Documents/Ads-etal/grid-path-challenge/harness_eval/scenarios/P6_demand_shock_on_brand.json', 70.8)
[15/18] ('no_headroom_gate', 305, '/Users/arnabkar/Documents/Ads-etal/grid-path-challenge/harness_eval/scenarios/P6_demand_shock_on_brand.json', 68.8)
[16/18] ('gate_min3000', 305, '/Users/arnabkar/Documents/Ads-etal/grid-path-challenge/harness_eval/scenarios/P6_demand_shock_on_brand.json', 68.2)
[17/18] ('no_cuts', 305, '/Users/arnabkar/Documents/Ads-etal/grid-path-challenge/harness_eval/scenarios/P6_demand_shock_on_brand.json', 61.6)
[18/18] ('sm_r1500_c1.0', 305, '/Users/arnabkar/Documents/Ads-etal/grid-path-challenge/harness_eval/scenarios/P6_demand_shock_on_brand.json', 51.4)
