code hash 63196db22b74; 120 simulations, 4 workers
[1/120] ('no_op', 303, 'dev', 28.8)
[2/120] ('baseline', 303, 'dev', 42.2)
[3/120] ('no_headroom_gate', 303, 'dev', 42.8)
[4/120] ('l0', 303, 'dev', 43.2)
[5/120] ('no_op', 304, 'dev', 23.7)
[6/120] ('no_cuts', 303, 'dev', 39.4)
[7/120] ('baseline', 304, 'dev', 37.4)
[8/120] ('no_gate_no_cuts', 303, 'dev', 38.7)
[9/120] ('l0', 304, 'dev', 37.7)
[10/120] ('no_headroom_gate', 304, 'dev', 39.7)
[11/120] ('no_cuts', 304, 'dev', 42.2)
[12/120] ('no_gate_no_cuts', 304, 'dev', 42.2)
[13/120] ('no_op', 305, 'dev', 31.0)
[14/120] ('baseline', 305, 'dev', 45.3)
[15/120] ('l0', 305, 'dev', 45.7)
[16/120] ('no_headroom_gate', 305, 'dev', 45.7)
[17/120] ('no_cuts', 305, 'dev', 47.5)
[18/120] ('no_op', 306, 'dev', 40.0)
[19/120] ('no_gate_no_cuts', 305, 'dev', 57.0)
[20/120] ('baseline', 306, 'dev', 57.5)
[21/120] ('l0', 306, 'dev', 56.5)
[22/120] ('no_headroom_gate', 306, 'dev', 52.9)
[23/120] ('no_cuts', 306, 'dev', 51.7)
[24/120] ('no_op', 307, 'dev', 34.7)
[25/120] ('no_gate_no_cuts', 306, 'dev', 52.1)
[26/120] ('baseline', 307, 'dev', 49.4)
[27/120] ('l0', 307, 'dev', 50.0)
[28/120] ('no_headroom_gate', 307, 'dev', 48.2)
[29/120] ('no_cuts', 307, 'dev', 48.4)
[30/120] ('no_op', 308, 'dev', 30.0)
[31/120] ('no_gate_no_cuts', 307, 'dev', 48.9)
[32/120] ('baseline', 308, 'dev', 50.2)
[33/120] ('l0', 308, 'dev', 52.1)
[34/120] ('no_headroom_gate', 308, 'dev', 57.5)
[35/120] ('no_op', 309, 'dev', 37.5)
[36/120] ('no_cuts', 308, 'dev', 57.9)
[37/120] ('no_gate_no_cuts', 308, 'dev', 58.4)
[38/120] ('baseline', 309, 'dev', 59.2)
[39/120] ('l0', 309, 'dev', 62.9)
[40/120] ('no_headroom_gate', 309, 'dev', 63.0)
[41/120] ('no_cuts', 309, 'dev', 60.4)
[42/120] ('no_op', 310, 'dev', 36.7)
[43/120] ('no_gate_no_cuts', 309, 'dev', 57.8)
[44/120] ('baseline', 310, 'dev', 53.5)
[45/120] ('l0', 310, 'dev', 53.2)
[46/120] ('no_headroom_gate', 310, 'dev', 51.6)
[47/120] ('no_cuts', 310, 'dev', 51.3)
[48/120] ('no_op', 311, 'dev', 31.5)
[49/120] ('no_gate_no_cuts', 310, 'dev', 51.5)
[50/120] ('baseline', 311, 'dev', 49.7)
[51/120] ('l0', 311, 'dev', 50.7)
[52/120] ('no_headroom_gate', 311, 'dev', 50.8)
[53/120] ('no_cuts', 311, 'dev', 50.5)
[54/120] ('no_op', 312, 'dev', 32.0)
[55/120] ('no_gate_no_cuts', 311, 'dev', 52.1)
[56/120] ('baseline', 312, 'dev', 51.4)
[57/120] ('l0', 312, 'dev', 53.1)
[58/120] ('no_headroom_gate', 312, 'dev', 53.6)
[59/120] ('no_cuts', 312, 'dev', 51.5)
[60/120] ('no_op', 313, 'dev', 32.5)
[61/120] ('no_gate_no_cuts', 312, 'dev', 51.5)
[62/120] ('baseline', 313, 'dev', 50.0)
[63/120] ('l0', 313, 'dev', 50.2)
[64/120] ('no_headroom_gate', 313, 'dev', 50.8)
[65/120] ('no_cuts', 313, 'dev', 49.4)
[66/120] ('no_op', 314, 'dev', 32.2)
[67/120] ('no_gate_no_cuts', 313, 'dev', 50.8)
[68/120] ('baseline', 314, 'dev', 50.1)
[69/120] ('l0', 314, 'dev', 50.0)
[70/120] ('no_headroom_gate', 314, 'dev', 50.8)
[71/120] ('no_cuts', 314, 'dev', 50.0)
[72/120] ('no_op', 315, 'dev', 32.4)
[73/120] ('no_gate_no_cuts', 314, 'dev', 51.3)
[74/120] ('baseline', 315, 'dev', 51.7)
[75/120] ('l0', 315, 'dev', 52.5)
[76/120] ('no_headroom_gate', 315, 'dev', 51.8)
[77/120] ('no_cuts', 315, 'dev', 52.5)
[78/120] ('no_op', 316, 'dev', 32.1)
[79/120] ('no_gate_no_cuts', 315, 'dev', 50.9)
[80/120] ('baseline', 316, 'dev', 51.7)
[81/120] ('l0', 316, 'dev', 53.3)
[82/120] ('no_headroom_gate', 316, 'dev', 54.3)
[83/120] ('no_cuts', 316, 'dev', 53.7)
[84/120] ('no_op', 317, 'dev', 35.8)
[85/120] ('no_gate_no_cuts', 316, 'dev', 51.6)
[86/120] ('baseline', 317, 'dev', 55.4)
[87/120] ('l0', 317, 'dev', 56.3)
[88/120] ('no_headroom_gate', 317, 'dev', 56.8)
[89/120] ('no_cuts', 317, 'dev', 55.8)
[90/120] ('no_op', 318, 'dev', 36.7)
[91/120] ('no_gate_no_cuts', 317, 'dev', 56.4)
[92/120] ('baseline', 318, 'dev', 56.3)
[93/120] ('l0', 318, 'dev', 56.6)
[94/120] ('no_headroom_gate', 318, 'dev', 55.5)
[95/120] ('no_cuts', 318, 'dev', 54.5)
[96/120] ('no_op', 319, 'dev', 34.3)
[97/120] ('no_gate_no_cuts', 318, 'dev', 53.3)
[98/120] ('baseline', 319, 'dev', 49.6)
[99/120] ('l0', 319, 'dev', 50.7)
[100/120] ('no_headroom_gate', 319, 'dev', 50.3)
[101/120] ('no_cuts', 319, 'dev', 50.1)
[102/120] ('no_op', 320, 'dev', 32.5)
[103/120] ('no_gate_no_cuts', 319, 'dev', 49.1)
[104/120] ('baseline', 320, 'dev', 49.8)
[105/120] ('l0', 320, 'dev', 50.5)
[106/120] ('no_headroom_gate', 320, 'dev', 49.8)
[107/120] ('no_cuts', 320, 'dev', 48.9)
[108/120] ('no_gate_no_cuts', 320, 'dev', 47.3)
[109/120] ('no_op', 321, 'dev', 30.2)
[110/120] ('baseline', 321, 'dev', 46.5)
[111/120] ('l0', 321, 'dev', 47.3)
[112/120] ('no_headroom_gate', 321, 'dev', 47.1)
[113/120] ('no_cuts', 321, 'dev', 47.4)
[114/120] ('no_op', 322, 'dev', 35.2)
[115/120] ('no_gate_no_cuts', 321, 'dev', 52.4)
[116/120] ('baseline', 322, 'dev', 54.9)
[117/120] ('l0', 322, 'dev', 57.4)
[118/120] ('no_headroom_gate', 322, 'dev', 52.8)
[119/120] ('no_cuts', 322, 'dev', 51.1)
[120/120] ('no_gate_no_cuts', 322, 'dev', 41.2)
