code hash 63196db22b74; 72 simulations, 4 workers
[1/72] ('l0', 7, 'dev', 0.1)
[2/72] ('no_op', 7, 'dev', 46.5)
[3/72] ('baseline', 7, 'dev', 69.9)
[4/72] ('reprice_only', 7, 'dev', 70.2)
[5/72] ('budget_only', 7, 'dev', 70.9)
[6/72] ('cuts_only', 7, 'dev', 72.1)
[7/72] ('no_headroom_gate', 7, 'dev', 77.5)
[8/72] ('no_sibling_holds', 7, 'dev', 78.2)
[9/72] ('no_precheck', 7, 'dev', 77.8)
[10/72] ('no_op', 11, 'dev', 55.7)
[11/72] ('no_budget', 7, 'dev', 86.0)
[12/72] ('no_cuts', 7, 'dev', 87.9)
[13/72] ('no_reprice', 7, 'dev', 88.3)
[14/72] ('baseline', 11, 'dev', 80.9)
[15/72] ('l0', 11, 'dev', 80.9)
[16/72] ('reprice_only', 11, 'dev', 72.6)
[17/72] ('budget_only', 11, 'dev', 74.1)
[18/72] ('cuts_only', 11, 'dev', 82.1)
[19/72] ('no_sibling_holds', 11, 'dev', 83.5)
[20/72] ('no_headroom_gate', 11, 'dev', 88.9)
[21/72] ('no_precheck', 11, 'dev', 86.9)
[22/72] ('no_op', 23, 'dev', 53.0)
[23/72] ('no_budget', 11, 'dev', 84.4)
[24/72] ('no_cuts', 11, 'dev', 84.0)
[25/72] ('no_reprice', 11, 'dev', 76.5)
[26/72] ('baseline', 23, 'dev', 74.8)
[27/72] ('reprice_only', 23, 'dev', 75.8)
[28/72] ('l0', 23, 'dev', 77.2)
[29/72] ('budget_only', 23, 'dev', 81.4)
[30/72] ('cuts_only', 23, 'dev', 66.0)
[31/72] ('no_sibling_holds', 23, 'dev', 69.0)
[32/72] ('no_headroom_gate', 23, 'dev', 69.3)
[33/72] ('no_precheck', 23, 'dev', 63.5)
[34/72] ('no_op', 42, 'dev', 35.6)
[35/72] ('no_budget', 23, 'dev', 63.5)
[36/72] ('no_cuts', 23, 'dev', 60.9)
[37/72] ('no_reprice', 23, 'dev', 61.5)
[38/72] ('baseline', 42, 'dev', 65.5)
[39/72] ('l0', 42, 'dev', 66.1)
[40/72] ('reprice_only', 42, 'dev', 68.2)
[41/72] ('budget_only', 42, 'dev', 68.4)
[42/72] ('cuts_only', 42, 'dev', 62.7)
[43/72] ('no_sibling_holds', 42, 'dev', 65.2)
[44/72] ('no_headroom_gate', 42, 'dev', 64.7)
[45/72] ('no_precheck', 42, 'dev', 63.5)
[46/72] ('no_op', 101, 'dev', 41.1)
[47/72] ('no_budget', 42, 'dev', 64.1)
[48/72] ('no_cuts', 42, 'dev', 63.9)
[49/72] ('no_reprice', 42, 'dev', 64.8)
[50/72] ('baseline', 101, 'dev', 66.4)
[51/72] ('l0', 101, 'dev', 69.7)
[52/72] ('reprice_only', 101, 'dev', 67.4)
[53/72] ('budget_only', 101, 'dev', 66.3)
[54/72] ('cuts_only', 101, 'dev', 65.2)
[55/72] ('no_sibling_holds', 101, 'dev', 63.6)
[56/72] ('no_headroom_gate', 101, 'dev', 63.2)
[57/72] ('no_precheck', 101, 'dev', 63.2)
[58/72] ('no_budget', 101, 'dev', 57.3)
[59/72] ('no_op', 202, 'dev', 37.2)
[60/72] ('no_cuts', 101, 'dev', 55.8)
[61/72] ('no_reprice', 101, 'dev', 56.5)
[62/72] ('baseline', 202, 'dev', 55.3)
[63/72] ('l0', 202, 'dev', 56.2)
[64/72] ('reprice_only', 202, 'dev', 56.0)
[65/72] ('budget_only', 202, 'dev', 55.6)
[66/72] ('cuts_only', 202, 'dev', 56.4)
[67/72] ('no_sibling_holds', 202, 'dev', 57.5)
[68/72] ('no_headroom_gate', 202, 'dev', 56.8)
[69/72] ('no_precheck', 202, 'dev', 56.4)
[70/72] ('no_budget', 202, 'dev', 48.0)
[71/72] ('no_cuts', 202, 'dev', 47.6)
[72/72] ('no_reprice', 202, 'dev', 41.1)
