24 simulations, 4 workers, ledger $0.446 / cap $10.0
[1/24] ('l2pv2_nat_oracle', 7, 'dev', '128s', 0.0)
[2/24] ('l2pv2_nat_rules', 7, 'dev', '128s', 0.0)
[3/24] ('l2pv2_aug_rules', 7, 'dev', '131s', 0.0)
[4/24] ('l2pv2_aug_oracle', 7, 'dev', '132s', 0.0)
[5/24] ('l2pv2_nat_oracle', 11, 'dev', '112s', 0.0)
[6/24] ('l2pv2_nat_rules', 11, 'dev', '116s', 0.0)
[7/24] ('l2pv2_aug_oracle', 11, 'dev', '120s', 0.0)
[8/24] ('l2pv2_aug_rules', 11, 'dev', '120s', 0.0)
[9/24] ('l2pv2_nat_oracle', 23, 'dev', '99s', 0.0)
[10/24] ('l2pv2_aug_oracle', 23, 'dev', '107s', 0.0)
[11/24] ('l2pv2_nat_rules', 23, 'dev', '97s', 0.0)
[12/24] ('l2pv2_aug_rules', 23, 'dev', '101s', 0.0)
[13/24] ('l2pv2_nat_oracle', 42, 'dev', '95s', 0.0)
[14/24] ('l2pv2_nat_rules', 42, 'dev', '94s', 0.0)
[15/24] ('l2pv2_aug_oracle', 42, 'dev', '97s', 0.0)
[16/24] ('l2pv2_aug_rules', 42, 'dev', '97s', 0.0)
[17/24] ('l2pv2_nat_oracle', 101, 'dev', '96s', 0.0)
[18/24] ('l2pv2_nat_rules', 101, 'dev', '97s', 0.0)
[19/24] ('l2pv2_aug_oracle', 101, 'dev', '102s', 0.0)
[20/24] ('l2pv2_aug_rules', 101, 'dev', '102s', 0.0)
[21/24] ('l2pv2_aug_oracle', 202, 'dev', '135s', 0.0)
[22/24] ('l2pv2_nat_oracle', 202, 'dev', '133s', 0.0)
[23/24] ('l2pv2_nat_rules', 202, 'dev', '133s', 0.0)
[24/24] ('l2pv2_aug_rules', 202, 'dev', '139s', 0.0)
ledger now $0.629
