54 simulations, 7 workers, ledger $0.000 / cap $10.0
[1/54] ('no_op', 7, 'dev', '34s', 0.0)
[2/54] ('baseline', 7, 'dev', '54s', 0.0)
[3/54] ('l2p_nat_random', 7, 'dev', '54s', 0.0)
[4/54] ('l0', 7, 'dev', '56s', 0.0)
[5/54] ('l2p_nat_rules', 7, 'dev', '57s', 0.0)
[6/54] ('l2p_aug_random', 7, 'dev', '58s', 0.0)
[7/54] ('l2p_aug_rules', 7, 'dev', '59s', 0.0)
[8/54] ('no_op', 11, 'dev', '58s', 0.0)
[9/54] ('l2p_aug_oracle', 7, 'dev', '88s', 0.0)
[10/54] ('l0', 11, 'dev', '95s', 0.0)
[11/54] ('baseline', 11, 'dev', '95s', 0.0)
[12/54] ('l2p_nat_oracle', 7, 'dev', '100s', 0.0)
[13/54] ('l2p_nat_rules', 11, 'dev', '98s', 0.0)
[14/54] ('l2p_aug_rules', 11, 'dev', '101s', 0.0)
[15/54] ('l2p_aug_random', 11, 'dev', '113s', 0.0)
[16/54] ('no_op', 23, 'dev', '71s', 0.0)
[17/54] ('l2p_nat_random', 11, 'dev', '108s', 0.0)
[18/54] ('l0', 23, 'dev', '109s', 0.0)
[19/54] ('l2p_nat_oracle', 11, 'dev', '113s', 0.0)
[20/54] ('l2p_aug_oracle', 11, 'dev', '118s', 0.0)
[21/54] ('baseline', 23, 'dev', '112s', 0.0)
[22/54] ('l2p_aug_rules', 23, 'dev', '129s', 0.0)
[23/54] ('l2p_nat_rules', 23, 'dev', '127s', 0.0)
[24/54] ('l2p_aug_random', 23, 'dev', '129s', 0.0)
[25/54] ('l2p_nat_random', 23, 'dev', '120s', 0.0)
[26/54] ('l0', 42, 'dev', '119s', 0.0)
[27/54] ('l2p_nat_oracle', 23, 'dev', '125s', 0.0)
[28/54] ('l2p_aug_oracle', 23, 'dev', '130s', 0.0)
[29/54] ('no_op', 42, 'dev', '66s', 0.0)
[30/54] ('baseline', 42, 'dev', '96s', 0.0)
[31/54] ('l2p_aug_rules', 42, 'dev', '101s', 0.0)
[32/54] ('l2p_nat_rules', 42, 'dev', '94s', 0.0)
[33/54] ('l2p_aug_random', 42, 'dev', '93s', 0.0)
[34/54] ('l2p_nat_random', 42, 'dev', '89s', 0.0)
[35/54] ('l2p_aug_oracle', 42, 'dev', '97s', 0.0)
[36/54] ('l2p_nat_oracle', 42, 'dev', '93s', 0.0)
[37/54] ('no_op', 101, 'dev', '57s', 0.0)
[38/54] ('l0', 101, 'dev', '89s', 0.0)
[39/54] ('baseline', 101, 'dev', '88s', 0.0)
[40/54] ('l2p_nat_rules', 101, 'dev', '88s', 0.0)
[41/54] ('l2p_aug_rules', 101, 'dev', '91s', 0.0)
[42/54] ('l2p_aug_random', 101, 'dev', '85s', 0.0)
[43/54] ('l2p_nat_random', 101, 'dev', '85s', 0.0)
[44/54] ('l2p_aug_oracle', 101, 'dev', '96s', 0.0)
[45/54] ('l2p_nat_oracle', 101, 'dev', '91s', 0.0)
[46/54] ('no_op', 202, 'dev', '62s', 0.0)
[47/54] ('l0', 202, 'dev', '90s', 0.0)
[48/54] ('baseline', 202, 'dev', '88s', 0.0)
[49/54] ('l2p_aug_rules', 202, 'dev', '95s', 0.0)
[50/54] ('l2p_nat_rules', 202, 'dev', '83s', 0.0)
[51/54] ('l2p_nat_random', 202, 'dev', '69s', 0.0)
[52/54] ('l2p_aug_random', 202, 'dev', '73s', 0.0)
[53/54] ('l2p_aug_oracle', 202, 'dev', '73s', 0.0)
[54/54] ('l2p_nat_oracle', 202, 'dev', '69s', 0.0)
ledger now $0.038
