27 simulations, 3 workers, ledger $0.038 / cap $10.0
[1/27] ('no_op', 303, 'P4_all_three_shifted_earlier', '97s', 0.0)
[2/27] ('baseline', 303, 'P4_all_three_shifted_earlier', '115s', 0.0)
[3/27] ('l0', 303, 'P4_all_three_shifted_earlier', '118s', 0.0)
[4/27] ('l2p_aug_rules', 303, 'P4_all_three_shifted_earlier', '76s', 0.0)
[5/27] ('l2p_nat_rules', 303, 'P4_all_three_shifted_earlier', '78s', 0.0)
[6/27] ('l2p_aug_oracle', 303, 'P4_all_three_shifted_earlier', '81s', 0.0)
[7/27] ('l2p_nat_oracle', 303, 'P4_all_three_shifted_earlier', '83s', 0.0)
[8/27] ('l2p_aug_random', 303, 'P4_all_three_shifted_earlier', '83s', 0.0)
[9/27] ('l2p_nat_random', 303, 'P4_all_three_shifted_earlier', '83s', 0.0)
[10/27] ('no_op', 303, 'V_iota_lo', '43s', 0.0)
[11/27] ('l0', 303, 'V_iota_lo', '70s', 0.0)
[12/27] ('baseline', 303, 'V_iota_lo', '68s', 0.0)
[13/27] ('l2p_nat_rules', 303, 'V_iota_lo', '71s', 0.0)
[14/27] ('l2p_aug_rules', 303, 'V_iota_lo', '72s', 0.0)
[15/27] ('l2p_aug_oracle', 303, 'V_iota_lo', '67s', 0.0)
[16/27] ('l2p_nat_oracle', 303, 'V_iota_lo', '74s', 0.0)
[17/27] ('l2p_aug_random', 303, 'V_iota_lo', '76s', 0.0)
[18/27] ('l2p_nat_random', 303, 'V_iota_lo', '86s', 0.0)
[19/27] ('no_op', 304, 'P6_demand_shock_on_brand', '54s', 0.0)
[20/27] ('l0', 304, 'P6_demand_shock_on_brand', '86s', 0.0)
[21/27] ('baseline', 304, 'P6_demand_shock_on_brand', '85s', 0.0)
[22/27] ('l2p_aug_rules', 304, 'P6_demand_shock_on_brand', '122s', 0.0)
[23/27] ('l2p_nat_rules', 304, 'P6_demand_shock_on_brand', '121s', 0.0)
[24/27] ('l2p_aug_oracle', 304, 'P6_demand_shock_on_brand', '123s', 0.0)
[25/27] ('l2p_nat_oracle', 304, 'P6_demand_shock_on_brand', '56s', 0.0)
[26/27] ('l2p_aug_random', 304, 'P6_demand_shock_on_brand', '55s', 0.0)
[27/27] ('l2p_nat_random', 304, 'P6_demand_shock_on_brand', '53s', 0.0)
ledger now $3.078
